#! /usr/bin/vvp
:ivl_version "12.0 (stable)";
:ivl_delay_selection "TYPICAL";
:vpi_time_precision - 12;
:vpi_module "/usr/lib/x86_64-linux-gnu/ivl/system.vpi";
:vpi_module "/usr/lib/x86_64-linux-gnu/ivl/vhdl_sys.vpi";
:vpi_module "/usr/lib/x86_64-linux-gnu/ivl/vhdl_textio.vpi";
:vpi_module "/usr/lib/x86_64-linux-gnu/ivl/v2005_math.vpi";
:vpi_module "/usr/lib/x86_64-linux-gnu/ivl/va_math.vpi";
S_0x5d72bedaf490 .scope module, "encoder_4to2_tb" "encoder_4to2_tb" 2 2;
 .timescale -9 -12;
v0x5d72bedfcfc0_0 .var "i0", 0 0;
v0x5d72bedfd080_0 .var "i1", 0 0;
v0x5d72bedfd150_0 .var "i2", 0 0;
v0x5d72bedfd250_0 .var "i3", 0 0;
v0x5d72bedfd320_0 .net "y0", 0 0, L_0x5d72bedfd640;  1 drivers
v0x5d72bedfd410_0 .net "y1", 0 0, L_0x5d72bedfd4e0;  1 drivers
S_0x5d72bedaf620 .scope module, "uut" "encoder_4to2" 2 5, 3 1 0, S_0x5d72bedaf490;
 .timescale -9 -12;
    .port_info 0 /INPUT 1 "i3";
    .port_info 1 /INPUT 1 "i2";
    .port_info 2 /INPUT 1 "i1";
    .port_info 3 /INPUT 1 "i0";
    .port_info 4 /OUTPUT 1 "y1";
    .port_info 5 /OUTPUT 1 "y0";
L_0x5d72bedfd4e0 .functor OR 1, v0x5d72bedfd150_0, v0x5d72bedfd250_0, C4<0>, C4<0>;
L_0x5d72bedfd640 .functor OR 1, v0x5d72bedfd080_0, v0x5d72bedfd250_0, C4<0>, C4<0>;
v0x5d72bedeae30_0 .net "i0", 0 0, v0x5d72bedfcfc0_0;  1 drivers
v0x5d72bedfcb10_0 .net "i1", 0 0, v0x5d72bedfd080_0;  1 drivers
v0x5d72bedfcbd0_0 .net "i2", 0 0, v0x5d72bedfd150_0;  1 drivers
v0x5d72bedfcc70_0 .net "i3", 0 0, v0x5d72bedfd250_0;  1 drivers
v0x5d72bedfcd30_0 .net "y0", 0 0, L_0x5d72bedfd640;  alias, 1 drivers
v0x5d72bedfce40_0 .net "y1", 0 0, L_0x5d72bedfd4e0;  alias, 1 drivers
    .scope S_0x5d72bedaf490;
T_0 ;
    %vpi_call 2 14 "$dumpfile", "encoder_4to2.vcd" {0 0 0};
    %vpi_call 2 15 "$dumpvars", 32'sb00000000000000000000000000000000, S_0x5d72bedaf490 {0 0 0};
    %pushi/vec4 0, 0, 1;
    %store/vec4 v0x5d72bedfd250_0, 0, 1;
    %pushi/vec4 0, 0, 1;
    %store/vec4 v0x5d72bedfd150_0, 0, 1;
    %pushi/vec4 0, 0, 1;
    %store/vec4 v0x5d72bedfd080_0, 0, 1;
    %pushi/vec4 1, 0, 1;
    %store/vec4 v0x5d72bedfcfc0_0, 0, 1;
    %delay 10000, 0;
    %pushi/vec4 0, 0, 1;
    %store/vec4 v0x5d72bedfd250_0, 0, 1;
    %pushi/vec4 0, 0, 1;
    %store/vec4 v0x5d72bedfd150_0, 0, 1;
    %pushi/vec4 1, 0, 1;
    %store/vec4 v0x5d72bedfd080_0, 0, 1;
    %pushi/vec4 0, 0, 1;
    %store/vec4 v0x5d72bedfcfc0_0, 0, 1;
    %delay 10000, 0;
    %pushi/vec4 0, 0, 1;
    %store/vec4 v0x5d72bedfd250_0, 0, 1;
    %pushi/vec4 1, 0, 1;
    %store/vec4 v0x5d72bedfd150_0, 0, 1;
    %pushi/vec4 0, 0, 1;
    %store/vec4 v0x5d72bedfd080_0, 0, 1;
    %pushi/vec4 0, 0, 1;
    %store/vec4 v0x5d72bedfcfc0_0, 0, 1;
    %delay 10000, 0;
    %pushi/vec4 1, 0, 1;
    %store/vec4 v0x5d72bedfd250_0, 0, 1;
    %pushi/vec4 0, 0, 1;
    %store/vec4 v0x5d72bedfd150_0, 0, 1;
    %pushi/vec4 0, 0, 1;
    %store/vec4 v0x5d72bedfd080_0, 0, 1;
    %pushi/vec4 0, 0, 1;
    %store/vec4 v0x5d72bedfcfc0_0, 0, 1;
    %delay 10000, 0;
    %vpi_call 2 20 "$finish" {0 0 0};
    %end;
    .thread T_0;
# The file index is used to find the file name in the following table.
:file_names 4;
    "N/A";
    "<interactive>";
    "encoder_4to2_tb.v";
    "encoder_4to2.v";
