#! /usr/bin/vvp
:ivl_version "12.0 (stable)";
:ivl_delay_selection "TYPICAL";
:vpi_time_precision - 12;
:vpi_module "/usr/lib/x86_64-linux-gnu/ivl/system.vpi";
:vpi_module "/usr/lib/x86_64-linux-gnu/ivl/vhdl_sys.vpi";
:vpi_module "/usr/lib/x86_64-linux-gnu/ivl/vhdl_textio.vpi";
:vpi_module "/usr/lib/x86_64-linux-gnu/ivl/v2005_math.vpi";
:vpi_module "/usr/lib/x86_64-linux-gnu/ivl/va_math.vpi";
S_0x622947db3ef0 .scope module, "mux_4to1_tb" "mux_4to1_tb" 2 3;
 .timescale -9 -12;
v0x622947ddad50_0 .var "i0", 0 0;
v0x622947ddae10_0 .var "i1", 0 0;
v0x622947ddaee0_0 .var "i2", 0 0;
v0x622947ddafe0_0 .var "i3", 0 0;
v0x622947ddb0b0_0 .var "sel", 1 0;
v0x622947ddb1a0_0 .net "y", 0 0, v0x622947ddabd0_0;  1 drivers
S_0x622947dc79c0 .scope module, "uut" "mux_4to1" 2 9, 3 1 0, S_0x622947db3ef0;
 .timescale 0 0;
    .port_info 0 /INPUT 1 "i0";
    .port_info 1 /INPUT 1 "i1";
    .port_info 2 /INPUT 1 "i2";
    .port_info 3 /INPUT 1 "i3";
    .port_info 4 /INPUT 2 "sel";
    .port_info 5 /OUTPUT 1 "y";
v0x622947dc7c70_0 .net "i0", 0 0, v0x622947ddad50_0;  1 drivers
v0x622947dda880_0 .net "i1", 0 0, v0x622947ddae10_0;  1 drivers
v0x622947dda940_0 .net "i2", 0 0, v0x622947ddaee0_0;  1 drivers
v0x622947dda9e0_0 .net "i3", 0 0, v0x622947ddafe0_0;  1 drivers
v0x622947ddaaa0_0 .net "sel", 1 0, v0x622947ddb0b0_0;  1 drivers
v0x622947ddabd0_0 .var "y", 0 0;
E_0x622947dc6510/0 .event anyedge, v0x622947ddaaa0_0, v0x622947dc7c70_0, v0x622947dda880_0, v0x622947dda940_0;
E_0x622947dc6510/1 .event anyedge, v0x622947dda9e0_0;
E_0x622947dc6510 .event/or E_0x622947dc6510/0, E_0x622947dc6510/1;
    .scope S_0x622947dc79c0;
T_0 ;
    %wait E_0x622947dc6510;
    %load/vec4 v0x622947ddaaa0_0;
    %dup/vec4;
    %pushi/vec4 0, 0, 2;
    %cmp/u;
    %jmp/1 T_0.0, 6;
    %dup/vec4;
    %pushi/vec4 1, 0, 2;
    %cmp/u;
    %jmp/1 T_0.1, 6;
    %dup/vec4;
    %pushi/vec4 2, 0, 2;
    %cmp/u;
    %jmp/1 T_0.2, 6;
    %dup/vec4;
    %pushi/vec4 3, 0, 2;
    %cmp/u;
    %jmp/1 T_0.3, 6;
    %pushi/vec4 0, 0, 1;
    %store/vec4 v0x622947ddabd0_0, 0, 1;
    %jmp T_0.5;
T_0.0 ;
    %load/vec4 v0x622947dc7c70_0;
    %store/vec4 v0x622947ddabd0_0, 0, 1;
    %jmp T_0.5;
T_0.1 ;
    %load/vec4 v0x622947dda880_0;
    %store/vec4 v0x622947ddabd0_0, 0, 1;
    %jmp T_0.5;
T_0.2 ;
    %load/vec4 v0x622947dda940_0;
    %store/vec4 v0x622947ddabd0_0, 0, 1;
    %jmp T_0.5;
T_0.3 ;
    %load/vec4 v0x622947dda9e0_0;
    %store/vec4 v0x622947ddabd0_0, 0, 1;
    %jmp T_0.5;
T_0.5 ;
    %pop/vec4 1;
    %jmp T_0;
    .thread T_0, $push;
    .scope S_0x622947db3ef0;
T_1 ;
    %vpi_call 2 19 "$dumpfile", "mux_4to1.vcd" {0 0 0};
    %vpi_call 2 20 "$dumpvars", 32'sb00000000000000000000000000000000, S_0x622947db3ef0 {0 0 0};
    %pushi/vec4 0, 0, 1;
    %store/vec4 v0x622947ddad50_0, 0, 1;
    %pushi/vec4 1, 0, 1;
    %store/vec4 v0x622947ddae10_0, 0, 1;
    %pushi/vec4 0, 0, 1;
    %store/vec4 v0x622947ddaee0_0, 0, 1;
    %pushi/vec4 1, 0, 1;
    %store/vec4 v0x622947ddafe0_0, 0, 1;
    %pushi/vec4 0, 0, 2;
    %store/vec4 v0x622947ddb0b0_0, 0, 2;
    %delay 10000, 0;
    %pushi/vec4 1, 0, 2;
    %store/vec4 v0x622947ddb0b0_0, 0, 2;
    %delay 10000, 0;
    %pushi/vec4 2, 0, 2;
    %store/vec4 v0x622947ddb0b0_0, 0, 2;
    %delay 10000, 0;
    %pushi/vec4 3, 0, 2;
    %store/vec4 v0x622947ddb0b0_0, 0, 2;
    %delay 10000, 0;
    %vpi_call 2 26 "$finish" {0 0 0};
    %end;
    .thread T_1;
# The file index is used to find the file name in the following table.
:file_names 4;
    "N/A";
    "<interactive>";
    "4:1_Mux_tb.v";
    "4:1_Mux.v";
