#! /usr/bin/vvp
:ivl_version "12.0 (stable)";
:ivl_delay_selection "TYPICAL";
:vpi_time_precision - 12;
:vpi_module "/usr/lib/x86_64-linux-gnu/ivl/system.vpi";
:vpi_module "/usr/lib/x86_64-linux-gnu/ivl/vhdl_sys.vpi";
:vpi_module "/usr/lib/x86_64-linux-gnu/ivl/vhdl_textio.vpi";
:vpi_module "/usr/lib/x86_64-linux-gnu/ivl/v2005_math.vpi";
:vpi_module "/usr/lib/x86_64-linux-gnu/ivl/va_math.vpi";
S_0x5b2db7524e10 .scope module, "comparator_1bit_tb" "comparator_1bit_tb" 2 3;
 .timescale -9 -12;
v0x5b2db75386a0_0 .var "A", 0 0;
v0x5b2db7538760_0 .net "A_eq_B", 0 0, L_0x5b2db7538d80;  1 drivers
v0x5b2db7538800_0 .net "A_gt_B", 0 0, L_0x5b2db7538bb0;  1 drivers
v0x5b2db7538900_0 .net "A_lt_B", 0 0, L_0x5b2db7538f30;  1 drivers
v0x5b2db75389d0_0 .var "B", 0 0;
S_0x5b2db7524fa0 .scope module, "uut" "comparator_1bit" 2 8, 3 1 0, S_0x5b2db7524e10;
 .timescale 0 0;
    .port_info 0 /INPUT 1 "A";
    .port_info 1 /INPUT 1 "B";
    .port_info 2 /OUTPUT 1 "A_gt_B";
    .port_info 3 /OUTPUT 1 "A_eq_B";
    .port_info 4 /OUTPUT 1 "A_lt_B";
L_0x5b2db7538ac0 .functor NOT 1, v0x5b2db75389d0_0, C4<0>, C4<0>, C4<0>;
L_0x5b2db7538bb0 .functor AND 1, v0x5b2db75386a0_0, L_0x5b2db7538ac0, C4<1>, C4<1>;
L_0x5b2db7538d10 .functor XOR 1, v0x5b2db75386a0_0, v0x5b2db75389d0_0, C4<0>, C4<0>;
L_0x5b2db7538d80 .functor NOT 1, L_0x5b2db7538d10, C4<0>, C4<0>, C4<0>;
L_0x5b2db7538ec0 .functor NOT 1, v0x5b2db75386a0_0, C4<0>, C4<0>, C4<0>;
L_0x5b2db7538f30 .functor AND 1, L_0x5b2db7538ec0, v0x5b2db75389d0_0, C4<1>, C4<1>;
v0x5b2db7525180_0 .net "A", 0 0, v0x5b2db75386a0_0;  1 drivers
v0x5b2db7538030_0 .net "A_eq_B", 0 0, L_0x5b2db7538d80;  alias, 1 drivers
v0x5b2db75380f0_0 .net "A_gt_B", 0 0, L_0x5b2db7538bb0;  alias, 1 drivers
v0x5b2db7538190_0 .net "A_lt_B", 0 0, L_0x5b2db7538f30;  alias, 1 drivers
v0x5b2db7538250_0 .net "B", 0 0, v0x5b2db75389d0_0;  1 drivers
v0x5b2db7538360_0 .net *"_ivl_0", 0 0, L_0x5b2db7538ac0;  1 drivers
v0x5b2db7538440_0 .net *"_ivl_4", 0 0, L_0x5b2db7538d10;  1 drivers
v0x5b2db7538520_0 .net *"_ivl_8", 0 0, L_0x5b2db7538ec0;  1 drivers
    .scope S_0x5b2db7524e10;
T_0 ;
    %vpi_call 2 17 "$dumpfile", "comparator_1bit.vcd" {0 0 0};
    %vpi_call 2 18 "$dumpvars", 32'sb00000000000000000000000000000000, S_0x5b2db7524e10 {0 0 0};
    %pushi/vec4 0, 0, 1;
    %store/vec4 v0x5b2db75386a0_0, 0, 1;
    %pushi/vec4 0, 0, 1;
    %store/vec4 v0x5b2db75389d0_0, 0, 1;
    %delay 10000, 0;
    %pushi/vec4 0, 0, 1;
    %store/vec4 v0x5b2db75386a0_0, 0, 1;
    %pushi/vec4 1, 0, 1;
    %store/vec4 v0x5b2db75389d0_0, 0, 1;
    %delay 10000, 0;
    %pushi/vec4 1, 0, 1;
    %store/vec4 v0x5b2db75386a0_0, 0, 1;
    %pushi/vec4 0, 0, 1;
    %store/vec4 v0x5b2db75389d0_0, 0, 1;
    %delay 10000, 0;
    %pushi/vec4 1, 0, 1;
    %store/vec4 v0x5b2db75386a0_0, 0, 1;
    %pushi/vec4 1, 0, 1;
    %store/vec4 v0x5b2db75389d0_0, 0, 1;
    %delay 10000, 0;
    %vpi_call 2 25 "$finish" {0 0 0};
    %end;
    .thread T_0;
# The file index is used to find the file name in the following table.
:file_names 4;
    "N/A";
    "<interactive>";
    "1_bit_Comparator_tb.v";
    "1_bit_Comparator.v";
