#! /usr/bin/vvp
:ivl_version "12.0 (stable)";
:ivl_delay_selection "TYPICAL";
:vpi_time_precision - 12;
:vpi_module "/usr/lib/x86_64-linux-gnu/ivl/system.vpi";
:vpi_module "/usr/lib/x86_64-linux-gnu/ivl/vhdl_sys.vpi";
:vpi_module "/usr/lib/x86_64-linux-gnu/ivl/vhdl_textio.vpi";
:vpi_module "/usr/lib/x86_64-linux-gnu/ivl/v2005_math.vpi";
:vpi_module "/usr/lib/x86_64-linux-gnu/ivl/va_math.vpi";
S_0x5be9c920e3a0 .scope module, "decoder_2to4_tb" "decoder_2to4_tb" 2 2;
 .timescale -9 -12;
v0x5be9c92225b0_0 .net "i0", 0 0, L_0x5be9c9222b90;  1 drivers
v0x5be9c9222670_0 .net "i1", 0 0, L_0x5be9c9222d10;  1 drivers
v0x5be9c9222710_0 .net "i2", 0 0, L_0x5be9c9222ec0;  1 drivers
v0x5be9c9222810_0 .net "i3", 0 0, L_0x5be9c9223000;  1 drivers
v0x5be9c92228e0_0 .var "y0", 0 0;
v0x5be9c9222980_0 .var "y1", 0 0;
S_0x5be9c920e530 .scope module, "uut" "decoder_2to4" 2 5, 3 1 0, S_0x5be9c920e3a0;
 .timescale 0 0;
    .port_info 0 /INPUT 1 "y1";
    .port_info 1 /INPUT 1 "y0";
    .port_info 2 /OUTPUT 1 "i3";
    .port_info 3 /OUTPUT 1 "i2";
    .port_info 4 /OUTPUT 1 "i1";
    .port_info 5 /OUTPUT 1 "i0";
L_0x5be9c9222a50 .functor OR 1, v0x5be9c92228e0_0, v0x5be9c9222980_0, C4<0>, C4<0>;
L_0x5be9c9222b90 .functor NOT 1, L_0x5be9c9222a50, C4<0>, C4<0>, C4<0>;
L_0x5be9c9222ca0 .functor NOT 1, v0x5be9c9222980_0, C4<0>, C4<0>, C4<0>;
L_0x5be9c9222d10 .functor AND 1, L_0x5be9c9222ca0, v0x5be9c92228e0_0, C4<1>, C4<1>;
L_0x5be9c9222e50 .functor NOT 1, v0x5be9c92228e0_0, C4<0>, C4<0>, C4<0>;
L_0x5be9c9222ec0 .functor AND 1, v0x5be9c9222980_0, L_0x5be9c9222e50, C4<1>, C4<1>;
L_0x5be9c9223000 .functor AND 1, v0x5be9c9222980_0, v0x5be9c92228e0_0, C4<1>, C4<1>;
v0x5be9c91d4490_0 .net *"_ivl_0", 0 0, L_0x5be9c9222a50;  1 drivers
v0x5be9c9221e80_0 .net *"_ivl_4", 0 0, L_0x5be9c9222ca0;  1 drivers
v0x5be9c9221f60_0 .net *"_ivl_8", 0 0, L_0x5be9c9222e50;  1 drivers
v0x5be9c9222020_0 .net "i0", 0 0, L_0x5be9c9222b90;  alias, 1 drivers
v0x5be9c92220e0_0 .net "i1", 0 0, L_0x5be9c9222d10;  alias, 1 drivers
v0x5be9c92221f0_0 .net "i2", 0 0, L_0x5be9c9222ec0;  alias, 1 drivers
v0x5be9c92222b0_0 .net "i3", 0 0, L_0x5be9c9223000;  alias, 1 drivers
v0x5be9c9222370_0 .net "y0", 0 0, v0x5be9c92228e0_0;  1 drivers
v0x5be9c9222430_0 .net "y1", 0 0, v0x5be9c9222980_0;  1 drivers
    .scope S_0x5be9c920e3a0;
T_0 ;
    %vpi_call 2 14 "$dumpfile", "decoder_2to4.vcd" {0 0 0};
    %vpi_call 2 15 "$dumpvars", 32'sb00000000000000000000000000000000, S_0x5be9c920e3a0 {0 0 0};
    %pushi/vec4 0, 0, 1;
    %store/vec4 v0x5be9c9222980_0, 0, 1;
    %pushi/vec4 0, 0, 1;
    %store/vec4 v0x5be9c92228e0_0, 0, 1;
    %delay 10000, 0;
    %pushi/vec4 0, 0, 1;
    %store/vec4 v0x5be9c9222980_0, 0, 1;
    %pushi/vec4 1, 0, 1;
    %store/vec4 v0x5be9c92228e0_0, 0, 1;
    %delay 10000, 0;
    %pushi/vec4 1, 0, 1;
    %store/vec4 v0x5be9c9222980_0, 0, 1;
    %pushi/vec4 0, 0, 1;
    %store/vec4 v0x5be9c92228e0_0, 0, 1;
    %delay 10000, 0;
    %pushi/vec4 1, 0, 1;
    %store/vec4 v0x5be9c9222980_0, 0, 1;
    %pushi/vec4 1, 0, 1;
    %store/vec4 v0x5be9c92228e0_0, 0, 1;
    %delay 10000, 0;
    %vpi_call 2 20 "$finish" {0 0 0};
    %end;
    .thread T_0;
# The file index is used to find the file name in the following table.
:file_names 4;
    "N/A";
    "<interactive>";
    "decoder_2to4_tb.v";
    "decoder_2to4.v";
