#! /usr/bin/vvp
:ivl_version "12.0 (stable)";
:ivl_delay_selection "TYPICAL";
:vpi_time_precision - 12;
:vpi_module "/usr/lib/x86_64-linux-gnu/ivl/system.vpi";
:vpi_module "/usr/lib/x86_64-linux-gnu/ivl/vhdl_sys.vpi";
:vpi_module "/usr/lib/x86_64-linux-gnu/ivl/vhdl_textio.vpi";
:vpi_module "/usr/lib/x86_64-linux-gnu/ivl/v2005_math.vpi";
:vpi_module "/usr/lib/x86_64-linux-gnu/ivl/va_math.vpi";
S_0x5f613d6e90b0 .scope module, "mux_8to1_tb" "mux_8to1_tb" 2 2;
 .timescale -9 -12;
v0x5f613d716de0_0 .var "i0", 0 0;
v0x5f613d716ef0_0 .var "i1", 0 0;
v0x5f613d717000_0 .var "i2", 0 0;
v0x5f613d7170f0_0 .var "i3", 0 0;
v0x5f613d7171e0_0 .var "i4", 0 0;
v0x5f613d717320_0 .var "i5", 0 0;
v0x5f613d717410_0 .var "i6", 0 0;
v0x5f613d717500_0 .var "i7", 0 0;
v0x5f613d7175f0_0 .var "sel", 2 0;
v0x5f613d717690_0 .net "y", 0 0, L_0x5f613d728960;  1 drivers
S_0x5f613d6b9490 .scope module, "uut" "mux_8to1" 2 7, 3 1 0, S_0x5f613d6e90b0;
 .timescale 0 0;
    .port_info 0 /INPUT 1 "i0";
    .port_info 1 /INPUT 1 "i1";
    .port_info 2 /INPUT 1 "i2";
    .port_info 3 /INPUT 1 "i3";
    .port_info 4 /INPUT 1 "i4";
    .port_info 5 /INPUT 1 "i5";
    .port_info 6 /INPUT 1 "i6";
    .port_info 7 /INPUT 1 "i7";
    .port_info 8 /INPUT 3 "sel";
    .port_info 9 /OUTPUT 1 "y";
v0x5f613d715e90_0 .net *"_ivl_10", 0 0, L_0x5f613d728820;  1 drivers
v0x5f613d715f70_0 .net *"_ivl_3", 0 0, L_0x5f613d718630;  1 drivers
v0x5f613d716050_0 .net *"_ivl_4", 31 0, L_0x5f613d7186d0;  1 drivers
L_0x71e66c9571c8 .functor BUFT 1, C4<0000000000000000000000000000000>, C4<0>, C4<0>, C4<0>;
v0x5f613d716110_0 .net *"_ivl_7", 30 0, L_0x71e66c9571c8;  1 drivers
L_0x71e66c957210 .functor BUFT 1, C4<00000000000000000000000000000000>, C4<0>, C4<0>, C4<0>;
v0x5f613d7161f0_0 .net/2u *"_ivl_8", 31 0, L_0x71e66c957210;  1 drivers
v0x5f613d7162d0_0 .net "i0", 0 0, v0x5f613d716de0_0;  1 drivers
v0x5f613d716370_0 .net "i1", 0 0, v0x5f613d716ef0_0;  1 drivers
v0x5f613d716440_0 .net "i2", 0 0, v0x5f613d717000_0;  1 drivers
v0x5f613d716510_0 .net "i3", 0 0, v0x5f613d7170f0_0;  1 drivers
v0x5f613d716670_0 .net "i4", 0 0, v0x5f613d7171e0_0;  1 drivers
v0x5f613d716740_0 .net "i5", 0 0, v0x5f613d717320_0;  1 drivers
v0x5f613d716810_0 .net "i6", 0 0, v0x5f613d717410_0;  1 drivers
v0x5f613d7168e0_0 .net "i7", 0 0, v0x5f613d717500_0;  1 drivers
v0x5f613d7169b0_0 .net "sel", 2 0, v0x5f613d7175f0_0;  1 drivers
v0x5f613d716a50_0 .net "sel1", 1 0, L_0x5f613d717730;  1 drivers
v0x5f613d716af0_0 .net "y", 0 0, L_0x5f613d728960;  alias, 1 drivers
v0x5f613d716b90_0 .net "y0", 0 0, L_0x5f613d717d10;  1 drivers
v0x5f613d716c30_0 .net "y1", 0 0, L_0x5f613d718460;  1 drivers
L_0x5f613d717730 .part v0x5f613d7175f0_0, 0, 2;
L_0x5f613d718630 .part v0x5f613d7175f0_0, 2, 1;
L_0x5f613d7186d0 .concat [ 1 31 0 0], L_0x5f613d718630, L_0x71e66c9571c8;
L_0x5f613d728820 .cmp/eq 32, L_0x5f613d7186d0, L_0x71e66c957210;
L_0x5f613d728960 .functor MUXZ 1, L_0x5f613d718460, L_0x5f613d717d10, L_0x5f613d728820, C4<>;
S_0x5f613d6b9770 .scope module, "mux_1" "mux_4to1" 3 9, 3 27 0, S_0x5f613d6b9490;
 .timescale 0 0;
    .port_info 0 /INPUT 1 "i0";
    .port_info 1 /INPUT 1 "i1";
    .port_info 2 /INPUT 1 "i2";
    .port_info 3 /INPUT 1 "i3";
    .port_info 4 /INPUT 2 "sel";
    .port_info 5 /OUTPUT 1 "y";
L_0x71e66c957018 .functor BUFT 1, C4<00>, C4<0>, C4<0>, C4<0>;
v0x5f613d6f6ef0_0 .net/2u *"_ivl_0", 1 0, L_0x71e66c957018;  1 drivers
v0x5f613d714500_0 .net *"_ivl_10", 0 0, L_0x5f613d7179f0;  1 drivers
v0x5f613d7145c0_0 .net *"_ivl_12", 0 0, L_0x5f613d717ae0;  1 drivers
v0x5f613d714680_0 .net *"_ivl_14", 0 0, L_0x5f613d717bd0;  1 drivers
v0x5f613d714760_0 .net *"_ivl_2", 0 0, L_0x5f613d7177d0;  1 drivers
L_0x71e66c957060 .functor BUFT 1, C4<01>, C4<0>, C4<0>, C4<0>;
v0x5f613d714870_0 .net/2u *"_ivl_4", 1 0, L_0x71e66c957060;  1 drivers
v0x5f613d714950_0 .net *"_ivl_6", 0 0, L_0x5f613d717900;  1 drivers
L_0x71e66c9570a8 .functor BUFT 1, C4<10>, C4<0>, C4<0>, C4<0>;
v0x5f613d714a10_0 .net/2u *"_ivl_8", 1 0, L_0x71e66c9570a8;  1 drivers
v0x5f613d714af0_0 .net "i0", 0 0, v0x5f613d716de0_0;  alias, 1 drivers
v0x5f613d714bb0_0 .net "i1", 0 0, v0x5f613d716ef0_0;  alias, 1 drivers
v0x5f613d714c70_0 .net "i2", 0 0, v0x5f613d717000_0;  alias, 1 drivers
v0x5f613d714d30_0 .net "i3", 0 0, v0x5f613d7170f0_0;  alias, 1 drivers
v0x5f613d714df0_0 .net "sel", 1 0, L_0x5f613d717730;  alias, 1 drivers
v0x5f613d714ed0_0 .net "y", 0 0, L_0x5f613d717d10;  alias, 1 drivers
L_0x5f613d7177d0 .cmp/eq 2, L_0x5f613d717730, L_0x71e66c957018;
L_0x5f613d717900 .cmp/eq 2, L_0x5f613d717730, L_0x71e66c957060;
L_0x5f613d7179f0 .cmp/eq 2, L_0x5f613d717730, L_0x71e66c9570a8;
L_0x5f613d717ae0 .functor MUXZ 1, v0x5f613d7170f0_0, v0x5f613d717000_0, L_0x5f613d7179f0, C4<>;
L_0x5f613d717bd0 .functor MUXZ 1, L_0x5f613d717ae0, v0x5f613d716ef0_0, L_0x5f613d717900, C4<>;
L_0x5f613d717d10 .functor MUXZ 1, L_0x5f613d717bd0, v0x5f613d716de0_0, L_0x5f613d7177d0, C4<>;
S_0x5f613d715050 .scope module, "mux_2" "mux_4to1" 3 17, 3 27 0, S_0x5f613d6b9490;
 .timescale 0 0;
    .port_info 0 /INPUT 1 "i0";
    .port_info 1 /INPUT 1 "i1";
    .port_info 2 /INPUT 1 "i2";
    .port_info 3 /INPUT 1 "i3";
    .port_info 4 /INPUT 2 "sel";
    .port_info 5 /OUTPUT 1 "y";
L_0x71e66c9570f0 .functor BUFT 1, C4<00>, C4<0>, C4<0>, C4<0>;
v0x5f613d7152a0_0 .net/2u *"_ivl_0", 1 0, L_0x71e66c9570f0;  1 drivers
v0x5f613d715380_0 .net *"_ivl_10", 0 0, L_0x5f613d718110;  1 drivers
v0x5f613d715440_0 .net *"_ivl_12", 0 0, L_0x5f613d718200;  1 drivers
v0x5f613d715500_0 .net *"_ivl_14", 0 0, L_0x5f613d718320;  1 drivers
v0x5f613d7155e0_0 .net *"_ivl_2", 0 0, L_0x5f613d717ee0;  1 drivers
L_0x71e66c957138 .functor BUFT 1, C4<01>, C4<0>, C4<0>, C4<0>;
v0x5f613d7156f0_0 .net/2u *"_ivl_4", 1 0, L_0x71e66c957138;  1 drivers
v0x5f613d7157d0_0 .net *"_ivl_6", 0 0, L_0x5f613d718020;  1 drivers
L_0x71e66c957180 .functor BUFT 1, C4<10>, C4<0>, C4<0>, C4<0>;
v0x5f613d715890_0 .net/2u *"_ivl_8", 1 0, L_0x71e66c957180;  1 drivers
v0x5f613d715970_0 .net "i0", 0 0, v0x5f613d7171e0_0;  alias, 1 drivers
v0x5f613d715a30_0 .net "i1", 0 0, v0x5f613d717320_0;  alias, 1 drivers
v0x5f613d715af0_0 .net "i2", 0 0, v0x5f613d717410_0;  alias, 1 drivers
v0x5f613d715bb0_0 .net "i3", 0 0, v0x5f613d717500_0;  alias, 1 drivers
v0x5f613d715c70_0 .net "sel", 1 0, L_0x5f613d717730;  alias, 1 drivers
v0x5f613d715d30_0 .net "y", 0 0, L_0x5f613d718460;  alias, 1 drivers
L_0x5f613d717ee0 .cmp/eq 2, L_0x5f613d717730, L_0x71e66c9570f0;
L_0x5f613d718020 .cmp/eq 2, L_0x5f613d717730, L_0x71e66c957138;
L_0x5f613d718110 .cmp/eq 2, L_0x5f613d717730, L_0x71e66c957180;
L_0x5f613d718200 .functor MUXZ 1, v0x5f613d717500_0, v0x5f613d717410_0, L_0x5f613d718110, C4<>;
L_0x5f613d718320 .functor MUXZ 1, L_0x5f613d718200, v0x5f613d717320_0, L_0x5f613d718020, C4<>;
L_0x5f613d718460 .functor MUXZ 1, L_0x5f613d718320, v0x5f613d7171e0_0, L_0x5f613d717ee0, C4<>;
    .scope S_0x5f613d6e90b0;
T_0 ;
    %vpi_call 2 20 "$dumpfile", "mux_8to1.vcd" {0 0 0};
    %vpi_call 2 21 "$dumpvars", 32'sb00000000000000000000000000000000, S_0x5f613d6e90b0 {0 0 0};
    %pushi/vec4 0, 0, 1;
    %store/vec4 v0x5f613d716de0_0, 0, 1;
    %pushi/vec4 1, 0, 1;
    %store/vec4 v0x5f613d716ef0_0, 0, 1;
    %pushi/vec4 0, 0, 1;
    %store/vec4 v0x5f613d717000_0, 0, 1;
    %pushi/vec4 1, 0, 1;
    %store/vec4 v0x5f613d7170f0_0, 0, 1;
    %pushi/vec4 0, 0, 1;
    %store/vec4 v0x5f613d7171e0_0, 0, 1;
    %pushi/vec4 1, 0, 1;
    %store/vec4 v0x5f613d717320_0, 0, 1;
    %pushi/vec4 0, 0, 1;
    %store/vec4 v0x5f613d717410_0, 0, 1;
    %pushi/vec4 1, 0, 1;
    %store/vec4 v0x5f613d717500_0, 0, 1;
    %pushi/vec4 0, 0, 3;
    %store/vec4 v0x5f613d7175f0_0, 0, 3;
    %delay 10000, 0;
    %pushi/vec4 1, 0, 3;
    %store/vec4 v0x5f613d7175f0_0, 0, 3;
    %delay 10000, 0;
    %pushi/vec4 2, 0, 3;
    %store/vec4 v0x5f613d7175f0_0, 0, 3;
    %delay 10000, 0;
    %pushi/vec4 3, 0, 3;
    %store/vec4 v0x5f613d7175f0_0, 0, 3;
    %delay 10000, 0;
    %pushi/vec4 4, 0, 3;
    %store/vec4 v0x5f613d7175f0_0, 0, 3;
    %delay 10000, 0;
    %pushi/vec4 5, 0, 3;
    %store/vec4 v0x5f613d7175f0_0, 0, 3;
    %delay 10000, 0;
    %pushi/vec4 6, 0, 3;
    %store/vec4 v0x5f613d7175f0_0, 0, 3;
    %delay 10000, 0;
    %pushi/vec4 7, 0, 3;
    %store/vec4 v0x5f613d7175f0_0, 0, 3;
    %delay 10000, 0;
    %vpi_call 2 35 "$finish" {0 0 0};
    %end;
    .thread T_0;
# The file index is used to find the file name in the following table.
:file_names 4;
    "N/A";
    "<interactive>";
    "mux_8to1_tb.v";
    "mux_8to1.v";
