#! /usr/bin/vvp
:ivl_version "12.0 (stable)";
:ivl_delay_selection "TYPICAL";
:vpi_time_precision - 12;
:vpi_module "/usr/lib/x86_64-linux-gnu/ivl/system.vpi";
:vpi_module "/usr/lib/x86_64-linux-gnu/ivl/vhdl_sys.vpi";
:vpi_module "/usr/lib/x86_64-linux-gnu/ivl/vhdl_textio.vpi";
:vpi_module "/usr/lib/x86_64-linux-gnu/ivl/v2005_math.vpi";
:vpi_module "/usr/lib/x86_64-linux-gnu/ivl/va_math.vpi";
S_0x5b21420017f0 .scope module, "demux_2to1_tb" "demux_2to1_tb" 2 2;
 .timescale -9 -12;
v0x5b2142013cd0_0 .var "i0", 0 0;
v0x5b2142013d90_0 .var "sel", 0 0;
v0x5b2142013e60_0 .net "y0", 0 0, L_0x5b2142014200;  1 drivers
v0x5b2142013f60_0 .net "y1", 0 0, L_0x5b2142014030;  1 drivers
S_0x5b2142001980 .scope module, "uut" "demux_2to1" 2 5, 3 1 0, S_0x5b21420017f0;
 .timescale 0 0;
    .port_info 0 /INPUT 1 "i0";
    .port_info 1 /INPUT 1 "sel";
    .port_info 2 /OUTPUT 1 "y1";
    .port_info 3 /OUTPUT 1 "y0";
L_0x5b2142014030 .functor AND 1, v0x5b2142013cd0_0, v0x5b2142013d90_0, C4<1>, C4<1>;
L_0x5b2142014190 .functor NOT 1, v0x5b2142013d90_0, C4<0>, C4<0>, C4<0>;
L_0x5b2142014200 .functor AND 1, v0x5b2142013cd0_0, L_0x5b2142014190, C4<1>, C4<1>;
v0x5b2142001bd0_0 .net *"_ivl_2", 0 0, L_0x5b2142014190;  1 drivers
v0x5b21420138f0_0 .net "i0", 0 0, v0x5b2142013cd0_0;  1 drivers
v0x5b21420139b0_0 .net "sel", 0 0, v0x5b2142013d90_0;  1 drivers
v0x5b2142013a80_0 .net "y0", 0 0, L_0x5b2142014200;  alias, 1 drivers
v0x5b2142013b40_0 .net "y1", 0 0, L_0x5b2142014030;  alias, 1 drivers
    .scope S_0x5b21420017f0;
T_0 ;
    %vpi_call 2 12 "$dumpfile", "demux_2to1.vcd" {0 0 0};
    %vpi_call 2 13 "$dumpvars", 32'sb00000000000000000000000000000000, S_0x5b21420017f0 {0 0 0};
    %pushi/vec4 0, 0, 1;
    %store/vec4 v0x5b2142013cd0_0, 0, 1;
    %pushi/vec4 0, 0, 1;
    %store/vec4 v0x5b2142013d90_0, 0, 1;
    %delay 10000, 0;
    %pushi/vec4 0, 0, 1;
    %store/vec4 v0x5b2142013cd0_0, 0, 1;
    %pushi/vec4 1, 0, 1;
    %store/vec4 v0x5b2142013d90_0, 0, 1;
    %delay 10000, 0;
    %pushi/vec4 1, 0, 1;
    %store/vec4 v0x5b2142013cd0_0, 0, 1;
    %pushi/vec4 0, 0, 1;
    %store/vec4 v0x5b2142013d90_0, 0, 1;
    %delay 10000, 0;
    %pushi/vec4 1, 0, 1;
    %store/vec4 v0x5b2142013cd0_0, 0, 1;
    %pushi/vec4 1, 0, 1;
    %store/vec4 v0x5b2142013d90_0, 0, 1;
    %delay 10000, 0;
    %vpi_call 2 18 "$finish" {0 0 0};
    %end;
    .thread T_0;
# The file index is used to find the file name in the following table.
:file_names 4;
    "N/A";
    "<interactive>";
    "demux_2to1_tb.v";
    "demux_2to1.v";
