#! /usr/bin/vvp
:ivl_version "12.0 (stable)";
:ivl_delay_selection "TYPICAL";
:vpi_time_precision + 0;
:vpi_module "/usr/lib/x86_64-linux-gnu/ivl/system.vpi";
:vpi_module "/usr/lib/x86_64-linux-gnu/ivl/vhdl_sys.vpi";
:vpi_module "/usr/lib/x86_64-linux-gnu/ivl/vhdl_textio.vpi";
:vpi_module "/usr/lib/x86_64-linux-gnu/ivl/v2005_math.vpi";
:vpi_module "/usr/lib/x86_64-linux-gnu/ivl/va_math.vpi";
S_0x5829a5997490 .scope module, "top_module" "top_module" 2 1;
 .timescale 0 0;
    .port_info 0 /INPUT 1 "p1a";
    .port_info 1 /INPUT 1 "p1b";
    .port_info 2 /INPUT 1 "p1c";
    .port_info 3 /INPUT 1 "p1d";
    .port_info 4 /INPUT 1 "p1e";
    .port_info 5 /INPUT 1 "p1f";
    .port_info 6 /OUTPUT 1 "p1y";
    .port_info 7 /INPUT 1 "p2a";
    .port_info 8 /INPUT 1 "p2b";
    .port_info 9 /INPUT 1 "p2c";
    .port_info 10 /INPUT 1 "p2d";
    .port_info 11 /OUTPUT 1 "p2y";
o0x75d44c6b7138 .functor BUFZ 1, C4<z>; HiZ drive
o0x75d44c6b7168 .functor BUFZ 1, C4<z>; HiZ drive
L_0x5829a59d13f0 .functor AND 1, o0x75d44c6b7138, o0x75d44c6b7168, C4<1>, C4<1>;
o0x75d44c6b7198 .functor BUFZ 1, C4<z>; HiZ drive
L_0x5829a59e3250 .functor AND 1, L_0x5829a59d13f0, o0x75d44c6b7198, C4<1>, C4<1>;
o0x75d44c6b71c8 .functor BUFZ 1, C4<z>; HiZ drive
o0x75d44c6b71f8 .functor BUFZ 1, C4<z>; HiZ drive
L_0x5829a59e32f0 .functor AND 1, o0x75d44c6b71c8, o0x75d44c6b71f8, C4<1>, C4<1>;
o0x75d44c6b7228 .functor BUFZ 1, C4<z>; HiZ drive
L_0x5829a59e33f0 .functor AND 1, L_0x5829a59e32f0, o0x75d44c6b7228, C4<1>, C4<1>;
o0x75d44c6b7288 .functor BUFZ 1, C4<z>; HiZ drive
o0x75d44c6b72b8 .functor BUFZ 1, C4<z>; HiZ drive
L_0x5829a59e35b0 .functor AND 1, o0x75d44c6b7288, o0x75d44c6b72b8, C4<1>, C4<1>;
o0x75d44c6b72e8 .functor BUFZ 1, C4<z>; HiZ drive
o0x75d44c6b7318 .functor BUFZ 1, C4<z>; HiZ drive
L_0x5829a59e3720 .functor AND 1, o0x75d44c6b72e8, o0x75d44c6b7318, C4<1>, C4<1>;
L_0x5829a59e3860 .functor OR 1, L_0x5829a59e35b0, L_0x5829a59e3720, C4<0>, C4<0>;
v0x5829a5997750_0 .net *"_ivl_0", 0 0, L_0x5829a59d13f0;  1 drivers
v0x5829a59e20b0_0 .net *"_ivl_10", 0 0, L_0x5829a59e35b0;  1 drivers
v0x5829a59e2190_0 .net *"_ivl_12", 0 0, L_0x5829a59e3720;  1 drivers
v0x5829a59e2250_0 .net *"_ivl_2", 0 0, L_0x5829a59e3250;  1 drivers
v0x5829a59e2330_0 .net *"_ivl_4", 0 0, L_0x5829a59e32f0;  1 drivers
v0x5829a59e2460_0 .net *"_ivl_6", 0 0, L_0x5829a59e33f0;  1 drivers
v0x5829a59e2540_0 .net "p1a", 0 0, o0x75d44c6b7138;  0 drivers
v0x5829a59e2600_0 .net "p1b", 0 0, o0x75d44c6b7168;  0 drivers
v0x5829a59e26c0_0 .net "p1c", 0 0, o0x75d44c6b7198;  0 drivers
v0x5829a59e2810_0 .net "p1d", 0 0, o0x75d44c6b71c8;  0 drivers
v0x5829a59e28d0_0 .net "p1e", 0 0, o0x75d44c6b71f8;  0 drivers
v0x5829a59e2990_0 .net "p1f", 0 0, o0x75d44c6b7228;  0 drivers
v0x5829a59e2a50_0 .net "p1y", 0 0, L_0x5829a59e3510;  1 drivers
v0x5829a59e2b10_0 .net "p2a", 0 0, o0x75d44c6b7288;  0 drivers
v0x5829a59e2bd0_0 .net "p2b", 0 0, o0x75d44c6b72b8;  0 drivers
v0x5829a59e2c90_0 .net "p2c", 0 0, o0x75d44c6b72e8;  0 drivers
v0x5829a59e2d50_0 .net "p2d", 0 0, o0x75d44c6b7318;  0 drivers
v0x5829a59e2f20_0 .net "p2y", 0 0, L_0x5829a59e3860;  1 drivers
L_0x5829a59e3510 .arith/sum 1, L_0x5829a59e3250, L_0x5829a59e33f0;
# The file index is used to find the file name in the following table.
:file_names 3;
    "N/A";
    "<interactive>";
    "008_7458_chip.v";
