#! /usr/bin/vvp
:ivl_version "12.0 (stable)";
:ivl_delay_selection "TYPICAL";
:vpi_time_precision - 12;
:vpi_module "/usr/lib/x86_64-linux-gnu/ivl/system.vpi";
:vpi_module "/usr/lib/x86_64-linux-gnu/ivl/vhdl_sys.vpi";
:vpi_module "/usr/lib/x86_64-linux-gnu/ivl/vhdl_textio.vpi";
:vpi_module "/usr/lib/x86_64-linux-gnu/ivl/v2005_math.vpi";
:vpi_module "/usr/lib/x86_64-linux-gnu/ivl/va_math.vpi";
S_0x5c496fdfe840 .scope module, "mux_8to1_tb" "mux_8to1_tb" 2 3;
 .timescale -9 -12;
v0x5c496fe29540_0 .var "i0", 0 0;
v0x5c496fe29600_0 .var "i1", 0 0;
v0x5c496fe296d0_0 .var "i2", 0 0;
v0x5c496fe297d0_0 .var "i3", 0 0;
v0x5c496fe298a0_0 .var "i4", 0 0;
v0x5c496fe29940_0 .var "i5", 0 0;
v0x5c496fe29a10_0 .var "i6", 0 0;
v0x5c496fe29ae0_0 .var "i7", 0 0;
v0x5c496fe29bb0_0 .var "sel", 2 0;
v0x5c496fe29c80_0 .net "y", 0 0, L_0x5c496fe2afa0;  1 drivers
S_0x5c496fe0d470 .scope module, "uut" "mux_8to1" 2 9, 3 1 0, S_0x5c496fdfe840;
 .timescale 0 0;
    .port_info 0 /INPUT 1 "i0";
    .port_info 1 /INPUT 1 "i1";
    .port_info 2 /INPUT 1 "i2";
    .port_info 3 /INPUT 1 "i3";
    .port_info 4 /INPUT 1 "i4";
    .port_info 5 /INPUT 1 "i5";
    .port_info 6 /INPUT 1 "i6";
    .port_info 7 /INPUT 1 "i7";
    .port_info 8 /INPUT 3 "sel";
    .port_info 9 /OUTPUT 1 "y";
L_0x7d78c7e83018 .functor BUFT 1, C4<000>, C4<0>, C4<0>, C4<0>;
v0x5c496fe0d750_0 .net/2u *"_ivl_0", 2 0, L_0x7d78c7e83018;  1 drivers
v0x5c496fe27c10_0 .net *"_ivl_10", 0 0, L_0x5c496fe29fc0;  1 drivers
L_0x7d78c7e830f0 .functor BUFT 1, C4<011>, C4<0>, C4<0>, C4<0>;
v0x5c496fe27cd0_0 .net/2u *"_ivl_12", 2 0, L_0x7d78c7e830f0;  1 drivers
v0x5c496fe27d90_0 .net *"_ivl_14", 0 0, L_0x5c496fe2a090;  1 drivers
L_0x7d78c7e83138 .functor BUFT 1, C4<100>, C4<0>, C4<0>, C4<0>;
v0x5c496fe27e50_0 .net/2u *"_ivl_16", 2 0, L_0x7d78c7e83138;  1 drivers
v0x5c496fe27f80_0 .net *"_ivl_18", 0 0, L_0x5c496fe2a230;  1 drivers
v0x5c496fe28040_0 .net *"_ivl_2", 0 0, L_0x5c496fe29d80;  1 drivers
L_0x7d78c7e83180 .functor BUFT 1, C4<101>, C4<0>, C4<0>, C4<0>;
v0x5c496fe28100_0 .net/2u *"_ivl_20", 2 0, L_0x7d78c7e83180;  1 drivers
v0x5c496fe281e0_0 .net *"_ivl_22", 0 0, L_0x5c496fe2a320;  1 drivers
L_0x7d78c7e831c8 .functor BUFT 1, C4<110>, C4<0>, C4<0>, C4<0>;
v0x5c496fe282a0_0 .net/2u *"_ivl_24", 2 0, L_0x7d78c7e831c8;  1 drivers
v0x5c496fe28380_0 .net *"_ivl_26", 0 0, L_0x5c496fe2a480;  1 drivers
v0x5c496fe28440_0 .net *"_ivl_28", 0 0, L_0x5c496fe2a570;  1 drivers
v0x5c496fe28520_0 .net *"_ivl_30", 0 0, L_0x5c496fe2a750;  1 drivers
v0x5c496fe28600_0 .net *"_ivl_32", 0 0, L_0x5c496fe2a8e0;  1 drivers
v0x5c496fe286e0_0 .net *"_ivl_34", 0 0, L_0x5c496fe2aa80;  1 drivers
v0x5c496fe287c0_0 .net *"_ivl_36", 0 0, L_0x5c496fe2ac10;  1 drivers
v0x5c496fe288a0_0 .net *"_ivl_38", 0 0, L_0x5c496fe2ae10;  1 drivers
L_0x7d78c7e83060 .functor BUFT 1, C4<001>, C4<0>, C4<0>, C4<0>;
v0x5c496fe28980_0 .net/2u *"_ivl_4", 2 0, L_0x7d78c7e83060;  1 drivers
v0x5c496fe28a60_0 .net *"_ivl_6", 0 0, L_0x5c496fe29ea0;  1 drivers
L_0x7d78c7e830a8 .functor BUFT 1, C4<010>, C4<0>, C4<0>, C4<0>;
v0x5c496fe28b20_0 .net/2u *"_ivl_8", 2 0, L_0x7d78c7e830a8;  1 drivers
v0x5c496fe28c00_0 .net "i0", 0 0, v0x5c496fe29540_0;  1 drivers
v0x5c496fe28cc0_0 .net "i1", 0 0, v0x5c496fe29600_0;  1 drivers
v0x5c496fe28d80_0 .net "i2", 0 0, v0x5c496fe296d0_0;  1 drivers
v0x5c496fe28e40_0 .net "i3", 0 0, v0x5c496fe297d0_0;  1 drivers
v0x5c496fe28f00_0 .net "i4", 0 0, v0x5c496fe298a0_0;  1 drivers
v0x5c496fe28fc0_0 .net "i5", 0 0, v0x5c496fe29940_0;  1 drivers
v0x5c496fe29080_0 .net "i6", 0 0, v0x5c496fe29a10_0;  1 drivers
v0x5c496fe29140_0 .net "i7", 0 0, v0x5c496fe29ae0_0;  1 drivers
v0x5c496fe29200_0 .net "sel", 2 0, v0x5c496fe29bb0_0;  1 drivers
v0x5c496fe292e0_0 .net "y", 0 0, L_0x5c496fe2afa0;  alias, 1 drivers
L_0x5c496fe29d80 .cmp/eq 3, v0x5c496fe29bb0_0, L_0x7d78c7e83018;
L_0x5c496fe29ea0 .cmp/eq 3, v0x5c496fe29bb0_0, L_0x7d78c7e83060;
L_0x5c496fe29fc0 .cmp/eq 3, v0x5c496fe29bb0_0, L_0x7d78c7e830a8;
L_0x5c496fe2a090 .cmp/eq 3, v0x5c496fe29bb0_0, L_0x7d78c7e830f0;
L_0x5c496fe2a230 .cmp/eq 3, v0x5c496fe29bb0_0, L_0x7d78c7e83138;
L_0x5c496fe2a320 .cmp/eq 3, v0x5c496fe29bb0_0, L_0x7d78c7e83180;
L_0x5c496fe2a480 .cmp/eq 3, v0x5c496fe29bb0_0, L_0x7d78c7e831c8;
L_0x5c496fe2a570 .functor MUXZ 1, v0x5c496fe29ae0_0, v0x5c496fe29a10_0, L_0x5c496fe2a480, C4<>;
L_0x5c496fe2a750 .functor MUXZ 1, L_0x5c496fe2a570, v0x5c496fe29940_0, L_0x5c496fe2a320, C4<>;
L_0x5c496fe2a8e0 .functor MUXZ 1, L_0x5c496fe2a750, v0x5c496fe298a0_0, L_0x5c496fe2a230, C4<>;
L_0x5c496fe2aa80 .functor MUXZ 1, L_0x5c496fe2a8e0, v0x5c496fe297d0_0, L_0x5c496fe2a090, C4<>;
L_0x5c496fe2ac10 .functor MUXZ 1, L_0x5c496fe2aa80, v0x5c496fe296d0_0, L_0x5c496fe29fc0, C4<>;
L_0x5c496fe2ae10 .functor MUXZ 1, L_0x5c496fe2ac10, v0x5c496fe29600_0, L_0x5c496fe29ea0, C4<>;
L_0x5c496fe2afa0 .functor MUXZ 1, L_0x5c496fe2ae10, v0x5c496fe29540_0, L_0x5c496fe29d80, C4<>;
    .scope S_0x5c496fdfe840;
T_0 ;
    %vpi_call 2 17 "$dumpfile", "mux_8to1.vcd" {0 0 0};
    %vpi_call 2 18 "$dumpvars", 32'sb00000000000000000000000000000000, S_0x5c496fdfe840 {0 0 0};
    %pushi/vec4 0, 0, 1;
    %store/vec4 v0x5c496fe29540_0, 0, 1;
    %pushi/vec4 1, 0, 1;
    %store/vec4 v0x5c496fe29600_0, 0, 1;
    %pushi/vec4 0, 0, 1;
    %store/vec4 v0x5c496fe296d0_0, 0, 1;
    %pushi/vec4 1, 0, 1;
    %store/vec4 v0x5c496fe297d0_0, 0, 1;
    %pushi/vec4 0, 0, 1;
    %store/vec4 v0x5c496fe298a0_0, 0, 1;
    %pushi/vec4 1, 0, 1;
    %store/vec4 v0x5c496fe29940_0, 0, 1;
    %pushi/vec4 0, 0, 1;
    %store/vec4 v0x5c496fe29a10_0, 0, 1;
    %pushi/vec4 1, 0, 1;
    %store/vec4 v0x5c496fe29ae0_0, 0, 1;
    %pushi/vec4 0, 0, 3;
    %store/vec4 v0x5c496fe29bb0_0, 0, 3;
    %delay 10000, 0;
    %pushi/vec4 1, 0, 3;
    %store/vec4 v0x5c496fe29bb0_0, 0, 3;
    %delay 10000, 0;
    %pushi/vec4 2, 0, 3;
    %store/vec4 v0x5c496fe29bb0_0, 0, 3;
    %delay 10000, 0;
    %pushi/vec4 3, 0, 3;
    %store/vec4 v0x5c496fe29bb0_0, 0, 3;
    %delay 10000, 0;
    %pushi/vec4 4, 0, 3;
    %store/vec4 v0x5c496fe29bb0_0, 0, 3;
    %delay 10000, 0;
    %pushi/vec4 5, 0, 3;
    %store/vec4 v0x5c496fe29bb0_0, 0, 3;
    %delay 10000, 0;
    %pushi/vec4 6, 0, 3;
    %store/vec4 v0x5c496fe29bb0_0, 0, 3;
    %delay 10000, 0;
    %pushi/vec4 7, 0, 3;
    %store/vec4 v0x5c496fe29bb0_0, 0, 3;
    %delay 10000, 0;
    %vpi_call 2 32 "$finish" {0 0 0};
    %end;
    .thread T_0;
# The file index is used to find the file name in the following table.
:file_names 4;
    "N/A";
    "<interactive>";
    "mux_8to1_tb.v";
    "mux_8to1.v";
