#! /usr/bin/vvp
:ivl_version "12.0 (stable)";
:ivl_delay_selection "TYPICAL";
:vpi_time_precision - 12;
:vpi_module "/usr/lib/x86_64-linux-gnu/ivl/system.vpi";
:vpi_module "/usr/lib/x86_64-linux-gnu/ivl/vhdl_sys.vpi";
:vpi_module "/usr/lib/x86_64-linux-gnu/ivl/vhdl_textio.vpi";
:vpi_module "/usr/lib/x86_64-linux-gnu/ivl/v2005_math.vpi";
:vpi_module "/usr/lib/x86_64-linux-gnu/ivl/va_math.vpi";
S_0x5a3bb4edda90 .scope module, "sr_latch_tb" "sr_latch_tb" 2 2;
 .timescale -9 -12;
v0x5a3bb4f02f70_0 .net "Q", 0 0, L_0x5a3bb4f03410;  1 drivers
v0x5a3bb4f03030_0 .net "Qn", 0 0, L_0x5a3bb4f035e0;  1 drivers
v0x5a3bb4f03100_0 .var "r", 0 0;
v0x5a3bb4f03200_0 .var "s", 0 0;
S_0x5a3bb4ef0830 .scope module, "uut" "sr_latch" 2 5, 3 1 0, S_0x5a3bb4edda90;
 .timescale 0 0;
    .port_info 0 /INPUT 1 "s";
    .port_info 1 /INPUT 1 "r";
    .port_info 2 /OUTPUT 1 "Q";
    .port_info 3 /OUTPUT 1 "Qn";
L_0x5a3bb4f032d0 .functor OR 1, v0x5a3bb4f03100_0, L_0x5a3bb4f035e0, C4<0>, C4<0>;
L_0x5a3bb4f03410 .functor NOT 1, L_0x5a3bb4f032d0, C4<0>, C4<0>, C4<0>;
L_0x5a3bb4f03520 .functor OR 1, v0x5a3bb4f03200_0, L_0x5a3bb4f03410, C4<0>, C4<0>;
L_0x5a3bb4f035e0 .functor NOT 1, L_0x5a3bb4f03520, C4<0>, C4<0>, C4<0>;
v0x5a3bb4ef0a80_0 .net "Q", 0 0, L_0x5a3bb4f03410;  alias, 1 drivers
v0x5a3bb4f02a90_0 .net "Qn", 0 0, L_0x5a3bb4f035e0;  alias, 1 drivers
v0x5a3bb4f02b50_0 .net *"_ivl_0", 0 0, L_0x5a3bb4f032d0;  1 drivers
v0x5a3bb4f02c40_0 .net *"_ivl_4", 0 0, L_0x5a3bb4f03520;  1 drivers
v0x5a3bb4f02d20_0 .net "r", 0 0, v0x5a3bb4f03100_0;  1 drivers
v0x5a3bb4f02e30_0 .net "s", 0 0, v0x5a3bb4f03200_0;  1 drivers
    .scope S_0x5a3bb4edda90;
T_0 ;
    %vpi_call 2 12 "$dumpfile", "sr_latch.vcd" {0 0 0};
    %vpi_call 2 13 "$dumpvars", 32'sb00000000000000000000000000000000, S_0x5a3bb4edda90 {0 0 0};
    %pushi/vec4 0, 0, 1;
    %store/vec4 v0x5a3bb4f03200_0, 0, 1;
    %pushi/vec4 0, 0, 1;
    %store/vec4 v0x5a3bb4f03100_0, 0, 1;
    %delay 10000, 0;
    %pushi/vec4 0, 0, 1;
    %store/vec4 v0x5a3bb4f03200_0, 0, 1;
    %pushi/vec4 1, 0, 1;
    %store/vec4 v0x5a3bb4f03100_0, 0, 1;
    %delay 10000, 0;
    %pushi/vec4 1, 0, 1;
    %store/vec4 v0x5a3bb4f03200_0, 0, 1;
    %pushi/vec4 0, 0, 1;
    %store/vec4 v0x5a3bb4f03100_0, 0, 1;
    %delay 10000, 0;
    %pushi/vec4 1, 0, 1;
    %store/vec4 v0x5a3bb4f03200_0, 0, 1;
    %pushi/vec4 1, 0, 1;
    %store/vec4 v0x5a3bb4f03100_0, 0, 1;
    %delay 10000, 0;
    %vpi_call 2 18 "$finish" {0 0 0};
    %end;
    .thread T_0;
# The file index is used to find the file name in the following table.
:file_names 4;
    "N/A";
    "<interactive>";
    "001_sr_latch_tb.v";
    "001_sr_latch.v";
