#! /usr/bin/vvp
:ivl_version "12.0 (stable)";
:ivl_delay_selection "TYPICAL";
:vpi_time_precision + 0;
:vpi_module "/usr/lib/x86_64-linux-gnu/ivl/system.vpi";
:vpi_module "/usr/lib/x86_64-linux-gnu/ivl/vhdl_sys.vpi";
:vpi_module "/usr/lib/x86_64-linux-gnu/ivl/vhdl_textio.vpi";
:vpi_module "/usr/lib/x86_64-linux-gnu/ivl/v2005_math.vpi";
:vpi_module "/usr/lib/x86_64-linux-gnu/ivl/va_math.vpi";
S_0x5be29221f7e0 .scope module, "t_latch_tb" "t_latch_tb" 2 1;
 .timescale 0 0;
v0x5be2922306c0_0 .net "q", 0 0, v0x5be2921e6490_0;  1 drivers
v0x5be292230790_0 .net "qn", 0 0, L_0x5be292230960;  1 drivers
v0x5be292230860_0 .var "t", 0 0;
S_0x5be29221f970 .scope module, "uut" "t_latch" 2 4, 3 1 0, S_0x5be29221f7e0;
 .timescale 0 0;
    .port_info 0 /INPUT 1 "t";
    .port_info 1 /OUTPUT 1 "q";
    .port_info 2 /OUTPUT 1 "qn";
L_0x5be292230960 .functor NOT 1, v0x5be2921e6490_0, C4<0>, C4<0>, C4<0>;
v0x5be2921e6490_0 .var "q", 0 0;
v0x5be2922304e0_0 .net "qn", 0 0, L_0x5be292230960;  alias, 1 drivers
v0x5be2922305a0_0 .net "t", 0 0, v0x5be292230860_0;  1 drivers
E_0x5be2921e7660 .event anyedge, v0x5be2922305a0_0;
    .scope S_0x5be29221f970;
T_0 ;
    %wait E_0x5be2921e7660;
    %load/vec4 v0x5be2922305a0_0;
    %inv;
    %store/vec4 v0x5be2921e6490_0, 0, 1;
    %jmp T_0;
    .thread T_0, $push;
    .scope S_0x5be29221f7e0;
T_1 ;
    %vpi_call 2 10 "$dumpfile", "t_latch.vcd" {0 0 0};
    %vpi_call 2 11 "$dumpvars", 32'sb00000000000000000000000000000000, S_0x5be29221f7e0 {0 0 0};
    %pushi/vec4 0, 0, 1;
    %store/vec4 v0x5be292230860_0, 0, 1;
    %delay 10, 0;
    %pushi/vec4 1, 0, 1;
    %store/vec4 v0x5be292230860_0, 0, 1;
    %delay 10, 0;
    %pushi/vec4 0, 0, 1;
    %store/vec4 v0x5be292230860_0, 0, 1;
    %delay 10, 0;
    %pushi/vec4 1, 0, 1;
    %store/vec4 v0x5be292230860_0, 0, 1;
    %delay 10, 0;
    %vpi_call 2 16 "$finish" {0 0 0};
    %end;
    .thread T_1;
# The file index is used to find the file name in the following table.
:file_names 4;
    "N/A";
    "<interactive>";
    "t_latch_tb.v";
    "t_latch.v";
