#! /usr/bin/vvp
:ivl_version "12.0 (stable)";
:ivl_delay_selection "TYPICAL";
:vpi_time_precision + 0;
:vpi_module "/usr/lib/x86_64-linux-gnu/ivl/system.vpi";
:vpi_module "/usr/lib/x86_64-linux-gnu/ivl/vhdl_sys.vpi";
:vpi_module "/usr/lib/x86_64-linux-gnu/ivl/vhdl_textio.vpi";
:vpi_module "/usr/lib/x86_64-linux-gnu/ivl/v2005_math.vpi";
:vpi_module "/usr/lib/x86_64-linux-gnu/ivl/va_math.vpi";
S_0x562cebeb8390 .scope module, "twos_complementer_tb" "twos_complementer_tb" 2 1;
 .timescale 0 0;
v0x562cebecded0_0 .var "clk", 0 0;
v0x562cebecdf90_0 .var "rst", 0 0;
v0x562cebece060_0 .var "x", 0 0;
v0x562cebece160_0 .net "y", 0 0, v0x562cebecdd90_0;  1 drivers
S_0x562cebeb8520 .scope module, "uut" "twos_complementer" 2 4, 3 1 0, S_0x562cebeb8390;
 .timescale 0 0;
    .port_info 0 /INPUT 1 "clk";
    .port_info 1 /INPUT 1 "rst";
    .port_info 2 /INPUT 1 "x";
    .port_info 3 /OUTPUT 1 "y";
P_0x562cebea3a20 .param/l "A" 0 3 7, C4<0>;
P_0x562cebea3a60 .param/l "B" 0 3 8, C4<1>;
v0x562cebea2f40_0 .net "clk", 0 0, v0x562cebecded0_0;  1 drivers
v0x562cebecda30_0 .var "next_state", 0 0;
v0x562cebecdaf0_0 .net "rst", 0 0, v0x562cebecdf90_0;  1 drivers
v0x562cebecdbc0_0 .var "state", 0 0;
v0x562cebecdc80_0 .net "x", 0 0, v0x562cebece060_0;  1 drivers
v0x562cebecdd90_0 .var "y", 0 0;
E_0x562cebe7cb40 .event anyedge, v0x562cebecdbc0_0, v0x562cebecdc80_0;
E_0x562cebeb56c0 .event posedge, v0x562cebecdaf0_0, v0x562cebea2f40_0;
    .scope S_0x562cebeb8520;
T_0 ;
    %wait E_0x562cebeb56c0;
    %load/vec4 v0x562cebecdaf0_0;
    %flag_set/vec4 8;
    %jmp/0xz  T_0.0, 8;
    %pushi/vec4 0, 0, 1;
    %assign/vec4 v0x562cebecdbc0_0, 0;
    %jmp T_0.1;
T_0.0 ;
    %load/vec4 v0x562cebecda30_0;
    %assign/vec4 v0x562cebecdbc0_0, 0;
T_0.1 ;
    %jmp T_0;
    .thread T_0;
    .scope S_0x562cebeb8520;
T_1 ;
    %wait E_0x562cebe7cb40;
    %load/vec4 v0x562cebecdbc0_0;
    %dup/vec4;
    %pushi/vec4 0, 0, 1;
    %cmp/u;
    %jmp/1 T_1.0, 6;
    %dup/vec4;
    %pushi/vec4 1, 0, 1;
    %cmp/u;
    %jmp/1 T_1.1, 6;
    %pushi/vec4 0, 0, 1;
    %store/vec4 v0x562cebecda30_0, 0, 1;
    %jmp T_1.3;
T_1.0 ;
    %load/vec4 v0x562cebecdc80_0;
    %flag_set/vec4 8;
    %jmp/0xz  T_1.4, 8;
    %pushi/vec4 1, 0, 1;
    %store/vec4 v0x562cebecda30_0, 0, 1;
    %jmp T_1.5;
T_1.4 ;
    %pushi/vec4 0, 0, 1;
    %store/vec4 v0x562cebecda30_0, 0, 1;
T_1.5 ;
    %jmp T_1.3;
T_1.1 ;
    %pushi/vec4 1, 0, 1;
    %store/vec4 v0x562cebecda30_0, 0, 1;
    %jmp T_1.3;
T_1.3 ;
    %pop/vec4 1;
    %jmp T_1;
    .thread T_1, $push;
    .scope S_0x562cebeb8520;
T_2 ;
    %wait E_0x562cebe7cb40;
    %load/vec4 v0x562cebecdbc0_0;
    %dup/vec4;
    %pushi/vec4 0, 0, 1;
    %cmp/u;
    %jmp/1 T_2.0, 6;
    %dup/vec4;
    %pushi/vec4 1, 0, 1;
    %cmp/u;
    %jmp/1 T_2.1, 6;
    %pushi/vec4 0, 0, 1;
    %store/vec4 v0x562cebecdd90_0, 0, 1;
    %jmp T_2.3;
T_2.0 ;
    %load/vec4 v0x562cebecdc80_0;
    %store/vec4 v0x562cebecdd90_0, 0, 1;
    %jmp T_2.3;
T_2.1 ;
    %load/vec4 v0x562cebecdc80_0;
    %inv;
    %store/vec4 v0x562cebecdd90_0, 0, 1;
    %jmp T_2.3;
T_2.3 ;
    %pop/vec4 1;
    %jmp T_2;
    .thread T_2, $push;
    .scope S_0x562cebeb8390;
T_3 ;
    %delay 5, 0;
    %load/vec4 v0x562cebecded0_0;
    %inv;
    %store/vec4 v0x562cebecded0_0, 0, 1;
    %jmp T_3;
    .thread T_3;
    .scope S_0x562cebeb8390;
T_4 ;
    %vpi_call 2 12 "$dumpfile", "twos_complementor.vcd" {0 0 0};
    %vpi_call 2 13 "$dumpvars", 32'sb00000000000000000000000000000000, S_0x562cebeb8390 {0 0 0};
    %pushi/vec4 0, 0, 1;
    %store/vec4 v0x562cebecded0_0, 0, 1;
    %pushi/vec4 0, 0, 1;
    %store/vec4 v0x562cebecdf90_0, 0, 1;
    %pushi/vec4 0, 0, 1;
    %store/vec4 v0x562cebece060_0, 0, 1;
    %delay 10, 0;
    %pushi/vec4 0, 0, 1;
    %store/vec4 v0x562cebece060_0, 0, 1;
    %delay 10, 0;
    %pushi/vec4 0, 0, 1;
    %store/vec4 v0x562cebece060_0, 0, 1;
    %delay 10, 0;
    %pushi/vec4 1, 0, 1;
    %store/vec4 v0x562cebece060_0, 0, 1;
    %delay 10, 0;
    %pushi/vec4 0, 0, 1;
    %store/vec4 v0x562cebece060_0, 0, 1;
    %delay 10, 0;
    %pushi/vec4 1, 0, 1;
    %store/vec4 v0x562cebece060_0, 0, 1;
    %delay 10, 0;
    %pushi/vec4 0, 0, 1;
    %store/vec4 v0x562cebece060_0, 0, 1;
    %delay 10, 0;
    %pushi/vec4 1, 0, 1;
    %store/vec4 v0x562cebece060_0, 0, 1;
    %delay 10, 0;
    %pushi/vec4 1, 0, 1;
    %store/vec4 v0x562cebece060_0, 0, 1;
    %delay 10, 0;
    %pushi/vec4 0, 0, 1;
    %store/vec4 v0x562cebece060_0, 0, 1;
    %delay 10, 0;
    %pushi/vec4 1, 0, 1;
    %store/vec4 v0x562cebece060_0, 0, 1;
    %delay 10, 0;
    %pushi/vec4 0, 0, 1;
    %store/vec4 v0x562cebece060_0, 0, 1;
    %delay 10, 0;
    %vpi_call 2 28 "$finish" {0 0 0};
    %end;
    .thread T_4;
# The file index is used to find the file name in the following table.
:file_names 4;
    "N/A";
    "<interactive>";
    "serial_2s_complementer_tb.v";
    "serial_2s_complementer.v";
