#! /usr/bin/vvp
:ivl_version "12.0 (stable)";
:ivl_delay_selection "TYPICAL";
:vpi_time_precision - 12;
:vpi_module "/usr/lib/x86_64-linux-gnu/ivl/system.vpi";
:vpi_module "/usr/lib/x86_64-linux-gnu/ivl/vhdl_sys.vpi";
:vpi_module "/usr/lib/x86_64-linux-gnu/ivl/vhdl_textio.vpi";
:vpi_module "/usr/lib/x86_64-linux-gnu/ivl/v2005_math.vpi";
:vpi_module "/usr/lib/x86_64-linux-gnu/ivl/va_math.vpi";
S_0x5cde6bc77490 .scope module, "full_subtractor_tb" "full_subtractor_tb" 2 2;
 .timescale -9 -12;
v0x5cde6bcc8a70_0 .var "a", 0 0;
v0x5cde6bcc8b30_0 .var "b", 0 0;
v0x5cde6bcc8c00_0 .var "bi", 0 0;
v0x5cde6bcc8d00_0 .net "bo", 0 0, L_0x5cde6bcc9680;  1 drivers
v0x5cde6bcc8dd0_0 .net "d", 0 0, L_0x5cde6bcc8fb0;  1 drivers
S_0x5cde6bc77620 .scope module, "uut" "full_subtractor" 2 5, 3 1 0, S_0x5cde6bc77490;
 .timescale -9 -12;
    .port_info 0 /INPUT 1 "a";
    .port_info 1 /INPUT 1 "b";
    .port_info 2 /INPUT 1 "bi";
    .port_info 3 /OUTPUT 1 "d";
    .port_info 4 /OUTPUT 1 "bo";
L_0x5cde6bcc8e70 .functor XOR 1, v0x5cde6bcc8a70_0, v0x5cde6bcc8b30_0, C4<0>, C4<0>;
L_0x5cde6bcc8fb0 .functor XOR 1, L_0x5cde6bcc8e70, v0x5cde6bcc8c00_0, C4<0>, C4<0>;
L_0x5cde6bcc9110 .functor NOT 1, v0x5cde6bcc8a70_0, C4<0>, C4<0>, C4<0>;
L_0x5cde6bcc9180 .functor AND 1, L_0x5cde6bcc9110, v0x5cde6bcc8c00_0, C4<1>, C4<1>;
L_0x5cde6bcc9270 .functor NOT 1, v0x5cde6bcc8a70_0, C4<0>, C4<0>, C4<0>;
L_0x5cde6bcc92e0 .functor AND 1, L_0x5cde6bcc9270, v0x5cde6bcc8b30_0, C4<1>, C4<1>;
L_0x5cde6bcc9390 .functor OR 1, L_0x5cde6bcc9180, L_0x5cde6bcc92e0, C4<0>, C4<0>;
L_0x5cde6bcc94a0 .functor AND 1, v0x5cde6bcc8b30_0, v0x5cde6bcc8c00_0, C4<1>, C4<1>;
L_0x5cde6bcc9680 .functor OR 1, L_0x5cde6bcc9390, L_0x5cde6bcc94a0, C4<0>, C4<0>;
v0x5cde6bc77800_0 .net *"_ivl_0", 0 0, L_0x5cde6bcc8e70;  1 drivers
v0x5cde6bcc80a0_0 .net *"_ivl_10", 0 0, L_0x5cde6bcc92e0;  1 drivers
v0x5cde6bcc8180_0 .net *"_ivl_12", 0 0, L_0x5cde6bcc9390;  1 drivers
v0x5cde6bcc8240_0 .net *"_ivl_14", 0 0, L_0x5cde6bcc94a0;  1 drivers
v0x5cde6bcc8320_0 .net *"_ivl_4", 0 0, L_0x5cde6bcc9110;  1 drivers
v0x5cde6bcc8450_0 .net *"_ivl_6", 0 0, L_0x5cde6bcc9180;  1 drivers
v0x5cde6bcc8530_0 .net *"_ivl_8", 0 0, L_0x5cde6bcc9270;  1 drivers
v0x5cde6bcc8610_0 .net "a", 0 0, v0x5cde6bcc8a70_0;  1 drivers
v0x5cde6bcc86d0_0 .net "b", 0 0, v0x5cde6bcc8b30_0;  1 drivers
v0x5cde6bcc8790_0 .net "bi", 0 0, v0x5cde6bcc8c00_0;  1 drivers
v0x5cde6bcc8850_0 .net "bo", 0 0, L_0x5cde6bcc9680;  alias, 1 drivers
v0x5cde6bcc8910_0 .net "d", 0 0, L_0x5cde6bcc8fb0;  alias, 1 drivers
    .scope S_0x5cde6bc77490;
T_0 ;
    %vpi_call 2 13 "$dumpfile", "full_subtractor.vcd" {0 0 0};
    %vpi_call 2 14 "$dumpvars", 32'sb00000000000000000000000000000000, S_0x5cde6bc77490 {0 0 0};
    %pushi/vec4 0, 0, 1;
    %store/vec4 v0x5cde6bcc8a70_0, 0, 1;
    %pushi/vec4 0, 0, 1;
    %store/vec4 v0x5cde6bcc8b30_0, 0, 1;
    %pushi/vec4 0, 0, 1;
    %store/vec4 v0x5cde6bcc8c00_0, 0, 1;
    %delay 10000, 0;
    %pushi/vec4 0, 0, 1;
    %store/vec4 v0x5cde6bcc8a70_0, 0, 1;
    %pushi/vec4 0, 0, 1;
    %store/vec4 v0x5cde6bcc8b30_0, 0, 1;
    %pushi/vec4 1, 0, 1;
    %store/vec4 v0x5cde6bcc8c00_0, 0, 1;
    %delay 10000, 0;
    %pushi/vec4 0, 0, 1;
    %store/vec4 v0x5cde6bcc8a70_0, 0, 1;
    %pushi/vec4 1, 0, 1;
    %store/vec4 v0x5cde6bcc8b30_0, 0, 1;
    %pushi/vec4 0, 0, 1;
    %store/vec4 v0x5cde6bcc8c00_0, 0, 1;
    %delay 10000, 0;
    %pushi/vec4 0, 0, 1;
    %store/vec4 v0x5cde6bcc8a70_0, 0, 1;
    %pushi/vec4 1, 0, 1;
    %store/vec4 v0x5cde6bcc8b30_0, 0, 1;
    %pushi/vec4 1, 0, 1;
    %store/vec4 v0x5cde6bcc8c00_0, 0, 1;
    %delay 10000, 0;
    %pushi/vec4 1, 0, 1;
    %store/vec4 v0x5cde6bcc8a70_0, 0, 1;
    %pushi/vec4 0, 0, 1;
    %store/vec4 v0x5cde6bcc8b30_0, 0, 1;
    %pushi/vec4 0, 0, 1;
    %store/vec4 v0x5cde6bcc8c00_0, 0, 1;
    %delay 10000, 0;
    %pushi/vec4 1, 0, 1;
    %store/vec4 v0x5cde6bcc8a70_0, 0, 1;
    %pushi/vec4 0, 0, 1;
    %store/vec4 v0x5cde6bcc8b30_0, 0, 1;
    %pushi/vec4 1, 0, 1;
    %store/vec4 v0x5cde6bcc8c00_0, 0, 1;
    %delay 10000, 0;
    %pushi/vec4 1, 0, 1;
    %store/vec4 v0x5cde6bcc8a70_0, 0, 1;
    %pushi/vec4 1, 0, 1;
    %store/vec4 v0x5cde6bcc8b30_0, 0, 1;
    %pushi/vec4 0, 0, 1;
    %store/vec4 v0x5cde6bcc8c00_0, 0, 1;
    %delay 10000, 0;
    %pushi/vec4 1, 0, 1;
    %store/vec4 v0x5cde6bcc8a70_0, 0, 1;
    %pushi/vec4 1, 0, 1;
    %store/vec4 v0x5cde6bcc8b30_0, 0, 1;
    %pushi/vec4 1, 0, 1;
    %store/vec4 v0x5cde6bcc8c00_0, 0, 1;
    %delay 10000, 0;
    %vpi_call 2 23 "$finish" {0 0 0};
    %end;
    .thread T_0;
# The file index is used to find the file name in the following table.
:file_names 4;
    "N/A";
    "<interactive>";
    "full_subtractor_tb.v";
    "full_subtractor.v";
