#! /usr/bin/vvp
:ivl_version "12.0 (stable)";
:ivl_delay_selection "TYPICAL";
:vpi_time_precision + 0;
:vpi_module "/usr/lib/x86_64-linux-gnu/ivl/system.vpi";
:vpi_module "/usr/lib/x86_64-linux-gnu/ivl/vhdl_sys.vpi";
:vpi_module "/usr/lib/x86_64-linux-gnu/ivl/vhdl_textio.vpi";
:vpi_module "/usr/lib/x86_64-linux-gnu/ivl/v2005_math.vpi";
:vpi_module "/usr/lib/x86_64-linux-gnu/ivl/va_math.vpi";
S_0x59220c3a8a20 .scope module, "jk_latch_tb" "jk_latch_tb" 2 1;
 .timescale 0 0;
v0x59220c3d0760_0 .var "j", 0 0;
v0x59220c3d0820_0 .var "k", 0 0;
v0x59220c3d08f0_0 .net "q", 0 0, v0x59220c3d0520_0;  1 drivers
v0x59220c3d09f0_0 .net "qn", 0 0, L_0x59220c3d0ac0;  1 drivers
S_0x59220c3bc550 .scope module, "uut" "jk_latch" 2 4, 3 1 0, S_0x59220c3a8a20;
 .timescale 0 0;
    .port_info 0 /INPUT 1 "j";
    .port_info 1 /INPUT 1 "k";
    .port_info 2 /OUTPUT 1 "q";
    .port_info 3 /OUTPUT 1 "qn";
L_0x59220c3d0ac0 .functor NOT 1, v0x59220c3d0520_0, C4<0>, C4<0>, C4<0>;
v0x59220c3bc7c0_0 .net "j", 0 0, v0x59220c3d0760_0;  1 drivers
v0x59220c3d0460_0 .net "k", 0 0, v0x59220c3d0820_0;  1 drivers
v0x59220c3d0520_0 .var "q", 0 0;
v0x59220c3d05f0_0 .net "qn", 0 0, L_0x59220c3d0ac0;  alias, 1 drivers
E_0x59220c3836a0 .event anyedge, v0x59220c3d0460_0, v0x59220c3bc7c0_0;
    .scope S_0x59220c3bc550;
T_0 ;
    %wait E_0x59220c3836a0;
    %load/vec4 v0x59220c3bc7c0_0;
    %load/vec4 v0x59220c3d0460_0;
    %concat/vec4; draw_concat_vec4
    %dup/vec4;
    %pushi/vec4 0, 0, 2;
    %cmp/u;
    %jmp/1 T_0.0, 6;
    %dup/vec4;
    %pushi/vec4 1, 0, 2;
    %cmp/u;
    %jmp/1 T_0.1, 6;
    %dup/vec4;
    %pushi/vec4 2, 0, 2;
    %cmp/u;
    %jmp/1 T_0.2, 6;
    %dup/vec4;
    %pushi/vec4 3, 0, 2;
    %cmp/u;
    %jmp/1 T_0.3, 6;
    %jmp T_0.4;
T_0.0 ;
    %load/vec4 v0x59220c3d0520_0;
    %store/vec4 v0x59220c3d0520_0, 0, 1;
    %jmp T_0.4;
T_0.1 ;
    %pushi/vec4 0, 0, 1;
    %store/vec4 v0x59220c3d0520_0, 0, 1;
    %jmp T_0.4;
T_0.2 ;
    %pushi/vec4 1, 0, 1;
    %store/vec4 v0x59220c3d0520_0, 0, 1;
    %jmp T_0.4;
T_0.3 ;
    %load/vec4 v0x59220c3d0520_0;
    %inv;
    %store/vec4 v0x59220c3d0520_0, 0, 1;
    %jmp T_0.4;
T_0.4 ;
    %pop/vec4 1;
    %jmp T_0;
    .thread T_0, $push;
    .scope S_0x59220c3a8a20;
T_1 ;
    %vpi_call 2 11 "$dumpfile", "jk_latch.vcd" {0 0 0};
    %vpi_call 2 12 "$dumpvars", 32'sb00000000000000000000000000000000, S_0x59220c3a8a20 {0 0 0};
    %pushi/vec4 0, 0, 1;
    %store/vec4 v0x59220c3d0760_0, 0, 1;
    %pushi/vec4 0, 0, 1;
    %store/vec4 v0x59220c3d0820_0, 0, 1;
    %delay 10, 0;
    %pushi/vec4 0, 0, 1;
    %store/vec4 v0x59220c3d0760_0, 0, 1;
    %pushi/vec4 1, 0, 1;
    %store/vec4 v0x59220c3d0820_0, 0, 1;
    %delay 10, 0;
    %pushi/vec4 0, 0, 1;
    %store/vec4 v0x59220c3d0760_0, 0, 1;
    %pushi/vec4 0, 0, 1;
    %store/vec4 v0x59220c3d0820_0, 0, 1;
    %delay 10, 0;
    %pushi/vec4 1, 0, 1;
    %store/vec4 v0x59220c3d0760_0, 0, 1;
    %pushi/vec4 0, 0, 1;
    %store/vec4 v0x59220c3d0820_0, 0, 1;
    %delay 10, 0;
    %pushi/vec4 0, 0, 1;
    %store/vec4 v0x59220c3d0760_0, 0, 1;
    %pushi/vec4 0, 0, 1;
    %store/vec4 v0x59220c3d0820_0, 0, 1;
    %delay 10, 0;
    %pushi/vec4 1, 0, 1;
    %store/vec4 v0x59220c3d0760_0, 0, 1;
    %pushi/vec4 1, 0, 1;
    %store/vec4 v0x59220c3d0820_0, 0, 1;
    %delay 10, 0;
    %pushi/vec4 0, 0, 1;
    %store/vec4 v0x59220c3d0760_0, 0, 1;
    %pushi/vec4 0, 0, 1;
    %store/vec4 v0x59220c3d0820_0, 0, 1;
    %delay 10, 0;
    %pushi/vec4 1, 0, 1;
    %store/vec4 v0x59220c3d0760_0, 0, 1;
    %pushi/vec4 1, 0, 1;
    %store/vec4 v0x59220c3d0820_0, 0, 1;
    %delay 10, 0;
    %vpi_call 2 21 "$finish" {0 0 0};
    %end;
    .thread T_1;
# The file index is used to find the file name in the following table.
:file_names 4;
    "N/A";
    "<interactive>";
    "jk_latch_tb.v";
    "jk_latch.v";
