#! /usr/bin/vvp
:ivl_version "12.0 (stable)";
:ivl_delay_selection "TYPICAL";
:vpi_time_precision + 0;
:vpi_module "/usr/lib/x86_64-linux-gnu/ivl/system.vpi";
:vpi_module "/usr/lib/x86_64-linux-gnu/ivl/vhdl_sys.vpi";
:vpi_module "/usr/lib/x86_64-linux-gnu/ivl/vhdl_textio.vpi";
:vpi_module "/usr/lib/x86_64-linux-gnu/ivl/v2005_math.vpi";
:vpi_module "/usr/lib/x86_64-linux-gnu/ivl/va_math.vpi";
S_0x56fb064f17a0 .scope module, "d_latch_tb" "d_latch_tb" 2 1;
 .timescale 0 0;
v0x56fb06502640_0 .var "d", 0 0;
v0x56fb06502710_0 .net "q", 0 0, v0x56fb06502460_0;  1 drivers
v0x56fb065027e0_0 .net "qn", 0 0, L_0x56fb065028e0;  1 drivers
S_0x56fb064f1930 .scope module, "uut" "d_latch" 2 4, 3 1 0, S_0x56fb064f17a0;
 .timescale 0 0;
    .port_info 0 /INPUT 1 "d";
    .port_info 1 /OUTPUT 1 "q";
    .port_info 2 /OUTPUT 1 "qn";
L_0x56fb065028e0 .functor NOT 1, v0x56fb06502460_0, C4<0>, C4<0>, C4<0>;
v0x56fb064b8490_0 .net "d", 0 0, v0x56fb06502640_0;  1 drivers
v0x56fb06502460_0 .var "q", 0 0;
v0x56fb06502520_0 .net "qn", 0 0, L_0x56fb065028e0;  alias, 1 drivers
E_0x56fb064b8dc0 .event anyedge, v0x56fb064b8490_0;
    .scope S_0x56fb064f1930;
T_0 ;
    %wait E_0x56fb064b8dc0;
    %load/vec4 v0x56fb064b8490_0;
    %store/vec4 v0x56fb06502460_0, 0, 1;
    %jmp T_0;
    .thread T_0, $push;
    .scope S_0x56fb064f17a0;
T_1 ;
    %vpi_call 2 10 "$dumpfile", "d_latch.vcd" {0 0 0};
    %vpi_call 2 11 "$dumpvars", 32'sb00000000000000000000000000000000, S_0x56fb064f17a0 {0 0 0};
    %pushi/vec4 0, 0, 1;
    %store/vec4 v0x56fb06502640_0, 0, 1;
    %delay 10, 0;
    %pushi/vec4 1, 0, 1;
    %store/vec4 v0x56fb06502640_0, 0, 1;
    %delay 10, 0;
    %pushi/vec4 0, 0, 1;
    %store/vec4 v0x56fb06502640_0, 0, 1;
    %delay 10, 0;
    %pushi/vec4 1, 0, 1;
    %store/vec4 v0x56fb06502640_0, 0, 1;
    %delay 10, 0;
    %vpi_call 2 16 "$finish" {0 0 0};
    %end;
    .thread T_1;
# The file index is used to find the file name in the following table.
:file_names 4;
    "N/A";
    "<interactive>";
    "d_latch_tb.v";
    "d_latch.v";
