#! /usr/bin/vvp
:ivl_version "12.0 (stable)";
:ivl_delay_selection "TYPICAL";
:vpi_time_precision - 12;
:vpi_module "/usr/lib/x86_64-linux-gnu/ivl/system.vpi";
:vpi_module "/usr/lib/x86_64-linux-gnu/ivl/vhdl_sys.vpi";
:vpi_module "/usr/lib/x86_64-linux-gnu/ivl/vhdl_textio.vpi";
:vpi_module "/usr/lib/x86_64-linux-gnu/ivl/v2005_math.vpi";
:vpi_module "/usr/lib/x86_64-linux-gnu/ivl/va_math.vpi";
S_0x5bfb131e3160 .scope module, "comparator_2bit_tb" "comparator_2bit_tb" 2 3;
 .timescale -9 -12;
v0x5bfb131fb380_0 .var "A", 1 0;
v0x5bfb131fb460_0 .net "A_eq_B", 0 0, L_0x5bfb131fb950;  1 drivers
v0x5bfb131fb500_0 .net "A_gt_B", 0 0, L_0x5bfb131fb7c0;  1 drivers
v0x5bfb131fb600_0 .net "A_lt_B", 0 0, L_0x5bfb131fba40;  1 drivers
v0x5bfb131fb6d0_0 .var "B", 1 0;
S_0x5bfb131e32f0 .scope module, "uut" "comparator_2bit" 2 8, 3 1 0, S_0x5bfb131e3160;
 .timescale 0 0;
    .port_info 0 /INPUT 2 "A";
    .port_info 1 /INPUT 2 "B";
    .port_info 2 /OUTPUT 1 "A_gt_B";
    .port_info 3 /OUTPUT 1 "A_eq_B";
    .port_info 4 /OUTPUT 1 "A_lt_B";
v0x5bfb131e34d0_0 .net "A", 1 0, v0x5bfb131fb380_0;  1 drivers
v0x5bfb131faf90_0 .net "A_eq_B", 0 0, L_0x5bfb131fb950;  alias, 1 drivers
v0x5bfb131fb050_0 .net "A_gt_B", 0 0, L_0x5bfb131fb7c0;  alias, 1 drivers
v0x5bfb131fb0f0_0 .net "A_lt_B", 0 0, L_0x5bfb131fba40;  alias, 1 drivers
v0x5bfb131fb1b0_0 .net "B", 1 0, v0x5bfb131fb6d0_0;  1 drivers
L_0x5bfb131fb7c0 .cmp/gt 2, v0x5bfb131fb380_0, v0x5bfb131fb6d0_0;
L_0x5bfb131fb950 .cmp/eq 2, v0x5bfb131fb380_0, v0x5bfb131fb6d0_0;
L_0x5bfb131fba40 .cmp/gt 2, v0x5bfb131fb6d0_0, v0x5bfb131fb380_0;
    .scope S_0x5bfb131e3160;
T_0 ;
    %vpi_call 2 17 "$dumpfile", "comparator_2bit.vcd" {0 0 0};
    %vpi_call 2 18 "$dumpvars", 32'sb00000000000000000000000000000000, S_0x5bfb131e3160 {0 0 0};
    %pushi/vec4 0, 0, 2;
    %store/vec4 v0x5bfb131fb380_0, 0, 2;
    %pushi/vec4 0, 0, 2;
    %store/vec4 v0x5bfb131fb6d0_0, 0, 2;
    %delay 10000, 0;
    %pushi/vec4 0, 0, 2;
    %store/vec4 v0x5bfb131fb380_0, 0, 2;
    %pushi/vec4 1, 0, 2;
    %store/vec4 v0x5bfb131fb6d0_0, 0, 2;
    %delay 10000, 0;
    %pushi/vec4 0, 0, 2;
    %store/vec4 v0x5bfb131fb380_0, 0, 2;
    %pushi/vec4 2, 0, 2;
    %store/vec4 v0x5bfb131fb6d0_0, 0, 2;
    %delay 10000, 0;
    %pushi/vec4 0, 0, 2;
    %store/vec4 v0x5bfb131fb380_0, 0, 2;
    %pushi/vec4 3, 0, 2;
    %store/vec4 v0x5bfb131fb6d0_0, 0, 2;
    %delay 10000, 0;
    %pushi/vec4 1, 0, 2;
    %store/vec4 v0x5bfb131fb380_0, 0, 2;
    %pushi/vec4 0, 0, 2;
    %store/vec4 v0x5bfb131fb6d0_0, 0, 2;
    %delay 10000, 0;
    %pushi/vec4 1, 0, 2;
    %store/vec4 v0x5bfb131fb380_0, 0, 2;
    %pushi/vec4 1, 0, 2;
    %store/vec4 v0x5bfb131fb6d0_0, 0, 2;
    %delay 10000, 0;
    %pushi/vec4 1, 0, 2;
    %store/vec4 v0x5bfb131fb380_0, 0, 2;
    %pushi/vec4 2, 0, 2;
    %store/vec4 v0x5bfb131fb6d0_0, 0, 2;
    %delay 10000, 0;
    %pushi/vec4 1, 0, 2;
    %store/vec4 v0x5bfb131fb380_0, 0, 2;
    %pushi/vec4 3, 0, 2;
    %store/vec4 v0x5bfb131fb6d0_0, 0, 2;
    %delay 10000, 0;
    %pushi/vec4 2, 0, 2;
    %store/vec4 v0x5bfb131fb380_0, 0, 2;
    %pushi/vec4 0, 0, 2;
    %store/vec4 v0x5bfb131fb6d0_0, 0, 2;
    %delay 10000, 0;
    %pushi/vec4 2, 0, 2;
    %store/vec4 v0x5bfb131fb380_0, 0, 2;
    %pushi/vec4 1, 0, 2;
    %store/vec4 v0x5bfb131fb6d0_0, 0, 2;
    %delay 10000, 0;
    %pushi/vec4 2, 0, 2;
    %store/vec4 v0x5bfb131fb380_0, 0, 2;
    %pushi/vec4 2, 0, 2;
    %store/vec4 v0x5bfb131fb6d0_0, 0, 2;
    %delay 10000, 0;
    %pushi/vec4 2, 0, 2;
    %store/vec4 v0x5bfb131fb380_0, 0, 2;
    %pushi/vec4 3, 0, 2;
    %store/vec4 v0x5bfb131fb6d0_0, 0, 2;
    %delay 10000, 0;
    %pushi/vec4 3, 0, 2;
    %store/vec4 v0x5bfb131fb380_0, 0, 2;
    %pushi/vec4 0, 0, 2;
    %store/vec4 v0x5bfb131fb6d0_0, 0, 2;
    %delay 10000, 0;
    %pushi/vec4 3, 0, 2;
    %store/vec4 v0x5bfb131fb380_0, 0, 2;
    %pushi/vec4 1, 0, 2;
    %store/vec4 v0x5bfb131fb6d0_0, 0, 2;
    %delay 10000, 0;
    %pushi/vec4 3, 0, 2;
    %store/vec4 v0x5bfb131fb380_0, 0, 2;
    %pushi/vec4 2, 0, 2;
    %store/vec4 v0x5bfb131fb6d0_0, 0, 2;
    %delay 10000, 0;
    %pushi/vec4 3, 0, 2;
    %store/vec4 v0x5bfb131fb380_0, 0, 2;
    %pushi/vec4 3, 0, 2;
    %store/vec4 v0x5bfb131fb6d0_0, 0, 2;
    %delay 10000, 0;
    %vpi_call 2 40 "$finish" {0 0 0};
    %end;
    .thread T_0;
# The file index is used to find the file name in the following table.
:file_names 4;
    "N/A";
    "<interactive>";
    "comparartor_2bit_tb.v";
    "comparartor_2bit.v";
