#! /usr/bin/vvp
:ivl_version "12.0 (stable)";
:ivl_delay_selection "TYPICAL";
:vpi_time_precision - 12;
:vpi_module "/usr/lib/x86_64-linux-gnu/ivl/system.vpi";
:vpi_module "/usr/lib/x86_64-linux-gnu/ivl/vhdl_sys.vpi";
:vpi_module "/usr/lib/x86_64-linux-gnu/ivl/vhdl_textio.vpi";
:vpi_module "/usr/lib/x86_64-linux-gnu/ivl/v2005_math.vpi";
:vpi_module "/usr/lib/x86_64-linux-gnu/ivl/va_math.vpi";
S_0x626c7b787490 .scope module, "demux_1to4_tb" "demux_1to4_tb" 2 3;
 .timescale -9 -12;
v0x626c7b7db260_0 .var "D", 0 0;
v0x626c7b7db320_0 .net "Y0", 0 0, L_0x626c7b7dbb50;  1 drivers
v0x626c7b7db3c0_0 .net "Y1", 0 0, L_0x626c7b7dbfc0;  1 drivers
v0x626c7b7db4c0_0 .net "Y2", 0 0, L_0x626c7b7dc420;  1 drivers
v0x626c7b7db590_0 .net "Y3", 0 0, L_0x626c7b7dc7e0;  1 drivers
v0x626c7b7db630_0 .var "sel", 1 0;
S_0x626c7b787620 .scope module, "uut" "demux_1to4" 2 9, 3 1 0, S_0x626c7b787490;
 .timescale -9 -12;
    .port_info 0 /INPUT 1 "D";
    .port_info 1 /INPUT 2 "sel";
    .port_info 2 /OUTPUT 1 "Y0";
    .port_info 3 /OUTPUT 1 "Y1";
    .port_info 4 /OUTPUT 1 "Y2";
    .port_info 5 /OUTPUT 1 "Y3";
L_0x626c7b7db820 .functor NOT 1, L_0x626c7b7db700, C4<0>, C4<0>, C4<0>;
L_0x626c7b7db8e0 .functor AND 1, v0x626c7b7db260_0, L_0x626c7b7db820, C4<1>, C4<1>;
L_0x626c7b7dba90 .functor NOT 1, L_0x626c7b7db9f0, C4<0>, C4<0>, C4<0>;
L_0x626c7b7dbb50 .functor AND 1, L_0x626c7b7db8e0, L_0x626c7b7dba90, C4<1>, C4<1>;
L_0x626c7b7dbd80 .functor NOT 1, L_0x626c7b7dbce0, C4<0>, C4<0>, C4<0>;
L_0x626c7b7dbdf0 .functor AND 1, v0x626c7b7db260_0, L_0x626c7b7dbd80, C4<1>, C4<1>;
L_0x626c7b7dbfc0 .functor AND 1, L_0x626c7b7dbdf0, L_0x626c7b7dbef0, C4<1>, C4<1>;
L_0x626c7b7dc1c0 .functor AND 1, v0x626c7b7db260_0, L_0x626c7b7dc120, C4<1>, C4<1>;
L_0x626c7b7dc360 .functor NOT 1, L_0x626c7b7dc280, C4<0>, C4<0>, C4<0>;
L_0x626c7b7dc420 .functor AND 1, L_0x626c7b7dc1c0, L_0x626c7b7dc360, C4<1>, C4<1>;
L_0x626c7b7dc680 .functor AND 1, v0x626c7b7db260_0, L_0x626c7b7dc5e0, C4<1>, C4<1>;
L_0x626c7b7dc7e0 .functor AND 1, L_0x626c7b7dc680, L_0x626c7b7dc6f0, C4<1>, C4<1>;
v0x626c7b787850_0 .net "D", 0 0, v0x626c7b7db260_0;  1 drivers
v0x626c7b7d9f90_0 .net "Y0", 0 0, L_0x626c7b7dbb50;  alias, 1 drivers
v0x626c7b7da050_0 .net "Y1", 0 0, L_0x626c7b7dbfc0;  alias, 1 drivers
v0x626c7b7da0f0_0 .net "Y2", 0 0, L_0x626c7b7dc420;  alias, 1 drivers
v0x626c7b7da1b0_0 .net "Y3", 0 0, L_0x626c7b7dc7e0;  alias, 1 drivers
v0x626c7b7da2c0_0 .net *"_ivl_1", 0 0, L_0x626c7b7db700;  1 drivers
v0x626c7b7da3a0_0 .net *"_ivl_13", 0 0, L_0x626c7b7dbce0;  1 drivers
v0x626c7b7da480_0 .net *"_ivl_14", 0 0, L_0x626c7b7dbd80;  1 drivers
v0x626c7b7da560_0 .net *"_ivl_16", 0 0, L_0x626c7b7dbdf0;  1 drivers
v0x626c7b7da640_0 .net *"_ivl_19", 0 0, L_0x626c7b7dbef0;  1 drivers
v0x626c7b7da720_0 .net *"_ivl_2", 0 0, L_0x626c7b7db820;  1 drivers
v0x626c7b7da800_0 .net *"_ivl_23", 0 0, L_0x626c7b7dc120;  1 drivers
v0x626c7b7da8e0_0 .net *"_ivl_24", 0 0, L_0x626c7b7dc1c0;  1 drivers
v0x626c7b7da9c0_0 .net *"_ivl_27", 0 0, L_0x626c7b7dc280;  1 drivers
v0x626c7b7daaa0_0 .net *"_ivl_28", 0 0, L_0x626c7b7dc360;  1 drivers
v0x626c7b7dab80_0 .net *"_ivl_33", 0 0, L_0x626c7b7dc5e0;  1 drivers
v0x626c7b7dac60_0 .net *"_ivl_34", 0 0, L_0x626c7b7dc680;  1 drivers
v0x626c7b7dad40_0 .net *"_ivl_37", 0 0, L_0x626c7b7dc6f0;  1 drivers
v0x626c7b7dae20_0 .net *"_ivl_4", 0 0, L_0x626c7b7db8e0;  1 drivers
v0x626c7b7daf00_0 .net *"_ivl_7", 0 0, L_0x626c7b7db9f0;  1 drivers
v0x626c7b7dafe0_0 .net *"_ivl_8", 0 0, L_0x626c7b7dba90;  1 drivers
v0x626c7b7db0c0_0 .net "sel", 1 0, v0x626c7b7db630_0;  1 drivers
L_0x626c7b7db700 .part v0x626c7b7db630_0, 1, 1;
L_0x626c7b7db9f0 .part v0x626c7b7db630_0, 0, 1;
L_0x626c7b7dbce0 .part v0x626c7b7db630_0, 1, 1;
L_0x626c7b7dbef0 .part v0x626c7b7db630_0, 0, 1;
L_0x626c7b7dc120 .part v0x626c7b7db630_0, 1, 1;
L_0x626c7b7dc280 .part v0x626c7b7db630_0, 0, 1;
L_0x626c7b7dc5e0 .part v0x626c7b7db630_0, 1, 1;
L_0x626c7b7dc6f0 .part v0x626c7b7db630_0, 0, 1;
    .scope S_0x626c7b787490;
T_0 ;
    %vpi_call 2 19 "$dumpfile", "demux_1to4.vcd" {0 0 0};
    %vpi_call 2 20 "$dumpvars", 32'sb00000000000000000000000000000000, S_0x626c7b787490 {0 0 0};
    %pushi/vec4 1, 0, 1;
    %store/vec4 v0x626c7b7db260_0, 0, 1;
    %pushi/vec4 0, 0, 2;
    %store/vec4 v0x626c7b7db630_0, 0, 2;
    %delay 10000, 0;
    %pushi/vec4 1, 0, 2;
    %store/vec4 v0x626c7b7db630_0, 0, 2;
    %delay 10000, 0;
    %pushi/vec4 2, 0, 2;
    %store/vec4 v0x626c7b7db630_0, 0, 2;
    %delay 10000, 0;
    %pushi/vec4 3, 0, 2;
    %store/vec4 v0x626c7b7db630_0, 0, 2;
    %delay 10000, 0;
    %pushi/vec4 0, 0, 1;
    %store/vec4 v0x626c7b7db260_0, 0, 1;
    %pushi/vec4 0, 0, 2;
    %store/vec4 v0x626c7b7db630_0, 0, 2;
    %delay 10000, 0;
    %pushi/vec4 1, 0, 2;
    %store/vec4 v0x626c7b7db630_0, 0, 2;
    %delay 10000, 0;
    %pushi/vec4 2, 0, 2;
    %store/vec4 v0x626c7b7db630_0, 0, 2;
    %delay 10000, 0;
    %pushi/vec4 3, 0, 2;
    %store/vec4 v0x626c7b7db630_0, 0, 2;
    %delay 10000, 0;
    %vpi_call 2 35 "$finish" {0 0 0};
    %end;
    .thread T_0;
# The file index is used to find the file name in the following table.
:file_names 4;
    "N/A";
    "<interactive>";
    "demux_4to1_tb.v";
    "demux_4to1.v";
