#! /usr/bin/vvp
:ivl_version "12.0 (stable)";
:ivl_delay_selection "TYPICAL";
:vpi_time_precision - 12;
:vpi_module "/usr/lib/x86_64-linux-gnu/ivl/system.vpi";
:vpi_module "/usr/lib/x86_64-linux-gnu/ivl/vhdl_sys.vpi";
:vpi_module "/usr/lib/x86_64-linux-gnu/ivl/vhdl_textio.vpi";
:vpi_module "/usr/lib/x86_64-linux-gnu/ivl/v2005_math.vpi";
:vpi_module "/usr/lib/x86_64-linux-gnu/ivl/va_math.vpi";
S_0x5f02a9bbb230 .scope module, "demux_1to8_tb" "demux_1to8_tb" 2 3;
 .timescale -9 -12;
v0x5f02a9beef30_0 .var "D", 0 0;
v0x5f02a9beeff0_0 .net "Y0", 0 0, L_0x5f02a9befcd0;  1 drivers
v0x5f02a9bef090_0 .net "Y1", 0 0, L_0x5f02a9bf04c0;  1 drivers
v0x5f02a9bef130_0 .net "Y2", 0 0, L_0x5f02a9bf0b80;  1 drivers
v0x5f02a9bef1d0_0 .net "Y3", 0 0, L_0x5f02a9bf1300;  1 drivers
v0x5f02a9bef270_0 .net "Y4", 0 0, L_0x5f02a9bf1cd0;  1 drivers
v0x5f02a9bef340_0 .net "Y5", 0 0, L_0x5f02a9bf25a0;  1 drivers
v0x5f02a9bef410_0 .net "Y6", 0 0, L_0x5f02a9bf2d90;  1 drivers
v0x5f02a9bef4e0_0 .net "Y7", 0 0, L_0x5f02a9bf3550;  1 drivers
v0x5f02a9bef5b0_0 .var "sel", 2 0;
S_0x5f02a9bc5cc0 .scope module, "uut" "demux_1to8" 2 9, 3 1 0, S_0x5f02a9bbb230;
 .timescale 0 0;
    .port_info 0 /INPUT 1 "D";
    .port_info 1 /INPUT 3 "sel";
    .port_info 2 /OUTPUT 1 "Y7";
    .port_info 3 /OUTPUT 1 "Y6";
    .port_info 4 /OUTPUT 1 "Y5";
    .port_info 5 /OUTPUT 1 "Y4";
    .port_info 6 /OUTPUT 1 "Y3";
    .port_info 7 /OUTPUT 1 "Y2";
    .port_info 8 /OUTPUT 1 "Y1";
    .port_info 9 /OUTPUT 1 "Y0";
L_0x5f02a9bef750 .functor NOT 1, L_0x5f02a9bef680, C4<0>, C4<0>, C4<0>;
L_0x5f02a9bef810 .functor AND 1, v0x5f02a9beef30_0, L_0x5f02a9bef750, C4<1>, C4<1>;
L_0x5f02a9bef9c0 .functor NOT 1, L_0x5f02a9bef920, C4<0>, C4<0>, C4<0>;
L_0x5f02a9befa80 .functor AND 1, L_0x5f02a9bef810, L_0x5f02a9bef9c0, C4<1>, C4<1>;
L_0x5f02a9befc60 .functor NOT 1, L_0x5f02a9befbc0, C4<0>, C4<0>, C4<0>;
L_0x5f02a9befcd0 .functor AND 1, L_0x5f02a9befa80, L_0x5f02a9befc60, C4<1>, C4<1>;
L_0x5f02a9beff40 .functor NOT 1, L_0x5f02a9befe70, C4<0>, C4<0>, C4<0>;
L_0x5f02a9bf0000 .functor AND 1, v0x5f02a9beef30_0, L_0x5f02a9beff40, C4<1>, C4<1>;
L_0x5f02a9bf01b0 .functor NOT 1, L_0x5f02a9bf0110, C4<0>, C4<0>, C4<0>;
L_0x5f02a9bf0270 .functor AND 1, L_0x5f02a9bf0000, L_0x5f02a9bf01b0, C4<1>, C4<1>;
L_0x5f02a9bf04c0 .functor AND 1, L_0x5f02a9bf0270, L_0x5f02a9bf03e0, C4<1>, C4<1>;
L_0x5f02a9bf0670 .functor NOT 1, L_0x5f02a9bf05d0, C4<0>, C4<0>, C4<0>;
L_0x5f02a9bf07a0 .functor AND 1, v0x5f02a9beef30_0, L_0x5f02a9bf0670, C4<1>, C4<1>;
L_0x5f02a9bf0900 .functor AND 1, L_0x5f02a9bf07a0, L_0x5f02a9bf0810, C4<1>, C4<1>;
L_0x5f02a9bf0730 .functor NOT 1, L_0x5f02a9bf0a90, C4<0>, C4<0>, C4<0>;
L_0x5f02a9bf0b80 .functor AND 1, L_0x5f02a9bf0900, L_0x5f02a9bf0730, C4<1>, C4<1>;
L_0x5f02a9bf0e70 .functor NOT 1, L_0x5f02a9bf0d70, C4<0>, C4<0>, C4<0>;
L_0x5f02a9bf0ee0 .functor AND 1, v0x5f02a9beef30_0, L_0x5f02a9bf0e70, C4<1>, C4<1>;
L_0x5f02a9bf10e0 .functor AND 1, L_0x5f02a9bf0ee0, L_0x5f02a9bf1040, C4<1>, C4<1>;
L_0x5f02a9bf1300 .functor AND 1, L_0x5f02a9bf10e0, L_0x5f02a9bf11f0, C4<1>, C4<1>;
L_0x5f02a9bf1510 .functor AND 1, v0x5f02a9beef30_0, L_0x5f02a9bf0fa0, C4<1>, C4<1>;
L_0x5f02a9bf1290 .functor NOT 1, L_0x5f02a9bf15d0, C4<0>, C4<0>, C4<0>;
L_0x5f02a9bf1780 .functor AND 1, L_0x5f02a9bf1510, L_0x5f02a9bf1290, C4<1>, C4<1>;
L_0x5f02a9bf1b40 .functor NOT 1, L_0x5f02a9bf1890, C4<0>, C4<0>, C4<0>;
L_0x5f02a9bf1cd0 .functor AND 1, L_0x5f02a9bf1780, L_0x5f02a9bf1b40, C4<1>, C4<1>;
L_0x5f02a9bf1f60 .functor AND 1, v0x5f02a9beef30_0, L_0x5f02a9bf1e30, C4<1>, C4<1>;
L_0x5f02a9bf21a0 .functor NOT 1, L_0x5f02a9bf2100, C4<0>, C4<0>, C4<0>;
L_0x5f02a9bf2260 .functor AND 1, L_0x5f02a9bf1f60, L_0x5f02a9bf21a0, C4<1>, C4<1>;
L_0x5f02a9bf25a0 .functor AND 1, L_0x5f02a9bf2260, L_0x5f02a9bf2460, C4<1>, C4<1>;
L_0x5f02a9bf27a0 .functor AND 1, v0x5f02a9beef30_0, L_0x5f02a9bf2700, C4<1>, C4<1>;
L_0x5f02a9bf2ab0 .functor AND 1, L_0x5f02a9bf27a0, L_0x5f02a9bf2960, C4<1>, C4<1>;
L_0x5f02a9bf2bc0 .functor NOT 1, L_0x5f02a9bf2500, C4<0>, C4<0>, C4<0>;
L_0x5f02a9bf2d90 .functor AND 1, L_0x5f02a9bf2ab0, L_0x5f02a9bf2bc0, C4<1>, C4<1>;
L_0x5f02a9bf3050 .functor AND 1, v0x5f02a9beef30_0, L_0x5f02a9bf2ef0, C4<1>, C4<1>;
L_0x5f02a9bf32d0 .functor AND 1, L_0x5f02a9bf3050, L_0x5f02a9bf3230, C4<1>, C4<1>;
L_0x5f02a9bf3550 .functor AND 1, L_0x5f02a9bf32d0, L_0x5f02a9bf33e0, C4<1>, C4<1>;
v0x5f02a9bc5fa0_0 .net "D", 0 0, v0x5f02a9beef30_0;  1 drivers
v0x5f02a9beb900_0 .net "Y0", 0 0, L_0x5f02a9befcd0;  alias, 1 drivers
v0x5f02a9beb9c0_0 .net "Y1", 0 0, L_0x5f02a9bf04c0;  alias, 1 drivers
v0x5f02a9beba60_0 .net "Y2", 0 0, L_0x5f02a9bf0b80;  alias, 1 drivers
v0x5f02a9bebb20_0 .net "Y3", 0 0, L_0x5f02a9bf1300;  alias, 1 drivers
v0x5f02a9bebc30_0 .net "Y4", 0 0, L_0x5f02a9bf1cd0;  alias, 1 drivers
v0x5f02a9bebcf0_0 .net "Y5", 0 0, L_0x5f02a9bf25a0;  alias, 1 drivers
v0x5f02a9bebdb0_0 .net "Y6", 0 0, L_0x5f02a9bf2d90;  alias, 1 drivers
v0x5f02a9bebe70_0 .net "Y7", 0 0, L_0x5f02a9bf3550;  alias, 1 drivers
v0x5f02a9bebf30_0 .net *"_ivl_1", 0 0, L_0x5f02a9bef680;  1 drivers
v0x5f02a9bec010_0 .net *"_ivl_10", 0 0, L_0x5f02a9befa80;  1 drivers
v0x5f02a9bec0f0_0 .net *"_ivl_100", 0 0, L_0x5f02a9bf2ab0;  1 drivers
v0x5f02a9bec1d0_0 .net *"_ivl_103", 0 0, L_0x5f02a9bf2500;  1 drivers
v0x5f02a9bec2b0_0 .net *"_ivl_104", 0 0, L_0x5f02a9bf2bc0;  1 drivers
v0x5f02a9bec390_0 .net *"_ivl_109", 0 0, L_0x5f02a9bf2ef0;  1 drivers
v0x5f02a9bec470_0 .net *"_ivl_110", 0 0, L_0x5f02a9bf3050;  1 drivers
v0x5f02a9bec550_0 .net *"_ivl_113", 0 0, L_0x5f02a9bf3230;  1 drivers
v0x5f02a9bec630_0 .net *"_ivl_114", 0 0, L_0x5f02a9bf32d0;  1 drivers
v0x5f02a9bec710_0 .net *"_ivl_117", 0 0, L_0x5f02a9bf33e0;  1 drivers
v0x5f02a9bec7f0_0 .net *"_ivl_13", 0 0, L_0x5f02a9befbc0;  1 drivers
v0x5f02a9bec8d0_0 .net *"_ivl_14", 0 0, L_0x5f02a9befc60;  1 drivers
v0x5f02a9bec9b0_0 .net *"_ivl_19", 0 0, L_0x5f02a9befe70;  1 drivers
v0x5f02a9beca90_0 .net *"_ivl_2", 0 0, L_0x5f02a9bef750;  1 drivers
v0x5f02a9becb70_0 .net *"_ivl_20", 0 0, L_0x5f02a9beff40;  1 drivers
v0x5f02a9becc50_0 .net *"_ivl_22", 0 0, L_0x5f02a9bf0000;  1 drivers
v0x5f02a9becd30_0 .net *"_ivl_25", 0 0, L_0x5f02a9bf0110;  1 drivers
v0x5f02a9bece10_0 .net *"_ivl_26", 0 0, L_0x5f02a9bf01b0;  1 drivers
v0x5f02a9becef0_0 .net *"_ivl_28", 0 0, L_0x5f02a9bf0270;  1 drivers
v0x5f02a9becfd0_0 .net *"_ivl_31", 0 0, L_0x5f02a9bf03e0;  1 drivers
v0x5f02a9bed0b0_0 .net *"_ivl_35", 0 0, L_0x5f02a9bf05d0;  1 drivers
v0x5f02a9bed190_0 .net *"_ivl_36", 0 0, L_0x5f02a9bf0670;  1 drivers
v0x5f02a9bed270_0 .net *"_ivl_38", 0 0, L_0x5f02a9bf07a0;  1 drivers
v0x5f02a9bed350_0 .net *"_ivl_4", 0 0, L_0x5f02a9bef810;  1 drivers
v0x5f02a9bed430_0 .net *"_ivl_41", 0 0, L_0x5f02a9bf0810;  1 drivers
v0x5f02a9bed510_0 .net *"_ivl_42", 0 0, L_0x5f02a9bf0900;  1 drivers
v0x5f02a9bed5f0_0 .net *"_ivl_45", 0 0, L_0x5f02a9bf0a90;  1 drivers
v0x5f02a9bed6d0_0 .net *"_ivl_46", 0 0, L_0x5f02a9bf0730;  1 drivers
v0x5f02a9bed7b0_0 .net *"_ivl_51", 0 0, L_0x5f02a9bf0d70;  1 drivers
v0x5f02a9bed890_0 .net *"_ivl_52", 0 0, L_0x5f02a9bf0e70;  1 drivers
v0x5f02a9bed970_0 .net *"_ivl_54", 0 0, L_0x5f02a9bf0ee0;  1 drivers
v0x5f02a9beda50_0 .net *"_ivl_57", 0 0, L_0x5f02a9bf1040;  1 drivers
v0x5f02a9bedb30_0 .net *"_ivl_58", 0 0, L_0x5f02a9bf10e0;  1 drivers
v0x5f02a9bedc10_0 .net *"_ivl_61", 0 0, L_0x5f02a9bf11f0;  1 drivers
v0x5f02a9bedcf0_0 .net *"_ivl_65", 0 0, L_0x5f02a9bf0fa0;  1 drivers
v0x5f02a9beddd0_0 .net *"_ivl_66", 0 0, L_0x5f02a9bf1510;  1 drivers
v0x5f02a9bedeb0_0 .net *"_ivl_69", 0 0, L_0x5f02a9bf15d0;  1 drivers
v0x5f02a9bedf90_0 .net *"_ivl_7", 0 0, L_0x5f02a9bef920;  1 drivers
v0x5f02a9bee070_0 .net *"_ivl_70", 0 0, L_0x5f02a9bf1290;  1 drivers
v0x5f02a9bee150_0 .net *"_ivl_72", 0 0, L_0x5f02a9bf1780;  1 drivers
v0x5f02a9bee230_0 .net *"_ivl_75", 0 0, L_0x5f02a9bf1890;  1 drivers
v0x5f02a9bee310_0 .net *"_ivl_76", 0 0, L_0x5f02a9bf1b40;  1 drivers
v0x5f02a9bee3f0_0 .net *"_ivl_8", 0 0, L_0x5f02a9bef9c0;  1 drivers
v0x5f02a9bee4d0_0 .net *"_ivl_81", 0 0, L_0x5f02a9bf1e30;  1 drivers
v0x5f02a9bee5b0_0 .net *"_ivl_82", 0 0, L_0x5f02a9bf1f60;  1 drivers
v0x5f02a9bee690_0 .net *"_ivl_85", 0 0, L_0x5f02a9bf2100;  1 drivers
v0x5f02a9bee770_0 .net *"_ivl_86", 0 0, L_0x5f02a9bf21a0;  1 drivers
v0x5f02a9bee850_0 .net *"_ivl_88", 0 0, L_0x5f02a9bf2260;  1 drivers
v0x5f02a9bee930_0 .net *"_ivl_91", 0 0, L_0x5f02a9bf2460;  1 drivers
v0x5f02a9beea10_0 .net *"_ivl_95", 0 0, L_0x5f02a9bf2700;  1 drivers
v0x5f02a9beeaf0_0 .net *"_ivl_96", 0 0, L_0x5f02a9bf27a0;  1 drivers
v0x5f02a9beebd0_0 .net *"_ivl_99", 0 0, L_0x5f02a9bf2960;  1 drivers
v0x5f02a9beecb0_0 .net "sel", 2 0, v0x5f02a9bef5b0_0;  1 drivers
L_0x5f02a9bef680 .part v0x5f02a9bef5b0_0, 2, 1;
L_0x5f02a9bef920 .part v0x5f02a9bef5b0_0, 1, 1;
L_0x5f02a9befbc0 .part v0x5f02a9bef5b0_0, 0, 1;
L_0x5f02a9befe70 .part v0x5f02a9bef5b0_0, 2, 1;
L_0x5f02a9bf0110 .part v0x5f02a9bef5b0_0, 1, 1;
L_0x5f02a9bf03e0 .part v0x5f02a9bef5b0_0, 0, 1;
L_0x5f02a9bf05d0 .part v0x5f02a9bef5b0_0, 2, 1;
L_0x5f02a9bf0810 .part v0x5f02a9bef5b0_0, 1, 1;
L_0x5f02a9bf0a90 .part v0x5f02a9bef5b0_0, 0, 1;
L_0x5f02a9bf0d70 .part v0x5f02a9bef5b0_0, 2, 1;
L_0x5f02a9bf1040 .part v0x5f02a9bef5b0_0, 1, 1;
L_0x5f02a9bf11f0 .part v0x5f02a9bef5b0_0, 0, 1;
L_0x5f02a9bf0fa0 .part v0x5f02a9bef5b0_0, 2, 1;
L_0x5f02a9bf15d0 .part v0x5f02a9bef5b0_0, 1, 1;
L_0x5f02a9bf1890 .part v0x5f02a9bef5b0_0, 0, 1;
L_0x5f02a9bf1e30 .part v0x5f02a9bef5b0_0, 2, 1;
L_0x5f02a9bf2100 .part v0x5f02a9bef5b0_0, 1, 1;
L_0x5f02a9bf2460 .part v0x5f02a9bef5b0_0, 0, 1;
L_0x5f02a9bf2700 .part v0x5f02a9bef5b0_0, 2, 1;
L_0x5f02a9bf2960 .part v0x5f02a9bef5b0_0, 1, 1;
L_0x5f02a9bf2500 .part v0x5f02a9bef5b0_0, 0, 1;
L_0x5f02a9bf2ef0 .part v0x5f02a9bef5b0_0, 2, 1;
L_0x5f02a9bf3230 .part v0x5f02a9bef5b0_0, 1, 1;
L_0x5f02a9bf33e0 .part v0x5f02a9bef5b0_0, 0, 1;
    .scope S_0x5f02a9bbb230;
T_0 ;
    %vpi_call 2 17 "$dumpfile", "demux_1to8.vcd" {0 0 0};
    %vpi_call 2 18 "$dumpvars", 32'sb00000000000000000000000000000000, S_0x5f02a9bbb230 {0 0 0};
    %pushi/vec4 0, 0, 1;
    %store/vec4 v0x5f02a9beef30_0, 0, 1;
    %pushi/vec4 0, 0, 3;
    %store/vec4 v0x5f02a9bef5b0_0, 0, 3;
    %delay 10000, 0;
    %pushi/vec4 1, 0, 3;
    %store/vec4 v0x5f02a9bef5b0_0, 0, 3;
    %delay 10000, 0;
    %pushi/vec4 2, 0, 3;
    %store/vec4 v0x5f02a9bef5b0_0, 0, 3;
    %delay 10000, 0;
    %pushi/vec4 3, 0, 3;
    %store/vec4 v0x5f02a9bef5b0_0, 0, 3;
    %delay 10000, 0;
    %pushi/vec4 4, 0, 3;
    %store/vec4 v0x5f02a9bef5b0_0, 0, 3;
    %delay 10000, 0;
    %pushi/vec4 5, 0, 3;
    %store/vec4 v0x5f02a9bef5b0_0, 0, 3;
    %delay 10000, 0;
    %pushi/vec4 6, 0, 3;
    %store/vec4 v0x5f02a9bef5b0_0, 0, 3;
    %delay 10000, 0;
    %pushi/vec4 7, 0, 3;
    %store/vec4 v0x5f02a9bef5b0_0, 0, 3;
    %delay 10000, 0;
    %pushi/vec4 1, 0, 1;
    %store/vec4 v0x5f02a9beef30_0, 0, 1;
    %pushi/vec4 0, 0, 3;
    %store/vec4 v0x5f02a9bef5b0_0, 0, 3;
    %delay 10000, 0;
    %pushi/vec4 1, 0, 3;
    %store/vec4 v0x5f02a9bef5b0_0, 0, 3;
    %delay 10000, 0;
    %pushi/vec4 2, 0, 3;
    %store/vec4 v0x5f02a9bef5b0_0, 0, 3;
    %delay 10000, 0;
    %pushi/vec4 3, 0, 3;
    %store/vec4 v0x5f02a9bef5b0_0, 0, 3;
    %delay 10000, 0;
    %pushi/vec4 4, 0, 3;
    %store/vec4 v0x5f02a9bef5b0_0, 0, 3;
    %delay 10000, 0;
    %pushi/vec4 5, 0, 3;
    %store/vec4 v0x5f02a9bef5b0_0, 0, 3;
    %delay 10000, 0;
    %pushi/vec4 6, 0, 3;
    %store/vec4 v0x5f02a9bef5b0_0, 0, 3;
    %delay 10000, 0;
    %pushi/vec4 7, 0, 3;
    %store/vec4 v0x5f02a9bef5b0_0, 0, 3;
    %delay 10000, 0;
    %vpi_call 2 43 "$finish" {0 0 0};
    %end;
    .thread T_0;
# The file index is used to find the file name in the following table.
:file_names 4;
    "N/A";
    "<interactive>";
    "demux_8to1_tb.v";
    "demux_8to1.v";
