#! /usr/bin/vvp
:ivl_version "12.0 (stable)";
:ivl_delay_selection "TYPICAL";
:vpi_time_precision + 0;
:vpi_module "/usr/lib/x86_64-linux-gnu/ivl/system.vpi";
:vpi_module "/usr/lib/x86_64-linux-gnu/ivl/vhdl_sys.vpi";
:vpi_module "/usr/lib/x86_64-linux-gnu/ivl/vhdl_textio.vpi";
:vpi_module "/usr/lib/x86_64-linux-gnu/ivl/v2005_math.vpi";
:vpi_module "/usr/lib/x86_64-linux-gnu/ivl/va_math.vpi";
S_0x6013d1f23570 .scope module, "top_module" "top_module" 2 1;
 .timescale 0 0;
    .port_info 0 /INPUT 32 "in";
    .port_info 1 /OUTPUT 32 "out";
v0x6013d1f48390_0 .net *"_ivl_11", 7 0, L_0x6013d1f6bf50;  1 drivers
v0x6013d1f48910_0 .net *"_ivl_16", 7 0, L_0x6013d1f6c240;  1 drivers
v0x6013d1f48e90_0 .net *"_ivl_3", 7 0, L_0x6013d1f6bd60;  1 drivers
v0x6013d1f6ba10_0 .net *"_ivl_7", 7 0, L_0x6013d1f6be30;  1 drivers
o0x7e2754c890d8 .functor BUFZ 32, C4<zzzzzzzzzzzzzzzzzzzzzzzzzzzzzzzz>; HiZ drive
v0x6013d1f6baf0_0 .net "in", 31 0, o0x7e2754c890d8;  0 drivers
v0x6013d1f6bc20_0 .net "out", 31 0, L_0x6013d1f6bff0;  1 drivers
L_0x6013d1f6bd60 .part o0x7e2754c890d8, 0, 8;
L_0x6013d1f6be30 .part o0x7e2754c890d8, 8, 8;
L_0x6013d1f6bf50 .part o0x7e2754c890d8, 16, 8;
L_0x6013d1f6bff0 .concat8 [ 8 8 8 8], L_0x6013d1f6c240, L_0x6013d1f6bf50, L_0x6013d1f6be30, L_0x6013d1f6bd60;
L_0x6013d1f6c240 .part o0x7e2754c890d8, 24, 8;
# The file index is used to find the file name in the following table.
:file_names 3;
    "N/A";
    "<interactive>";
    "003_Vectors2.v";
