#! /usr/bin/vvp
:ivl_version "12.0 (stable)";
:ivl_delay_selection "TYPICAL";
:vpi_time_precision + 0;
:vpi_module "/usr/lib/x86_64-linux-gnu/ivl/system.vpi";
:vpi_module "/usr/lib/x86_64-linux-gnu/ivl/vhdl_sys.vpi";
:vpi_module "/usr/lib/x86_64-linux-gnu/ivl/vhdl_textio.vpi";
:vpi_module "/usr/lib/x86_64-linux-gnu/ivl/v2005_math.vpi";
:vpi_module "/usr/lib/x86_64-linux-gnu/ivl/va_math.vpi";
S_0x57a2c0c1edd0 .scope module, "d_ff_tb" "d_ff_tb" 2 1;
 .timescale 0 0;
v0x57a2c0c30f00_0 .var "clk", 0 0;
v0x57a2c0c30fc0_0 .var "d", 0 0;
v0x57a2c0c31090_0 .net "q", 0 0, v0x57a2c0c30cc0_0;  1 drivers
v0x57a2c0c31190_0 .net "qn", 0 0, L_0x57a2c0c31260;  1 drivers
S_0x57a2c0c1ef60 .scope module, "uut" "d_ff" 2 4, 3 1 0, S_0x57a2c0c1edd0;
 .timescale 0 0;
    .port_info 0 /INPUT 1 "d";
    .port_info 1 /INPUT 1 "clk";
    .port_info 2 /OUTPUT 1 "q";
    .port_info 3 /OUTPUT 1 "qn";
L_0x57a2c0c31260 .functor NOT 1, v0x57a2c0c30cc0_0, C4<0>, C4<0>, C4<0>;
v0x57a2c0c1f1b0_0 .net "clk", 0 0, v0x57a2c0c30f00_0;  1 drivers
v0x57a2c0c30c00_0 .net "d", 0 0, v0x57a2c0c30fc0_0;  1 drivers
v0x57a2c0c30cc0_0 .var "q", 0 0;
v0x57a2c0c30d90_0 .net "qn", 0 0, L_0x57a2c0c31260;  alias, 1 drivers
E_0x57a2c0be5b60 .event posedge, v0x57a2c0c1f1b0_0;
    .scope S_0x57a2c0c1ef60;
T_0 ;
    %wait E_0x57a2c0be5b60;
    %load/vec4 v0x57a2c0c30c00_0;
    %dup/vec4;
    %pushi/vec4 0, 0, 1;
    %cmp/u;
    %jmp/1 T_0.0, 6;
    %dup/vec4;
    %pushi/vec4 1, 0, 1;
    %cmp/u;
    %jmp/1 T_0.1, 6;
    %jmp T_0.2;
T_0.0 ;
    %pushi/vec4 0, 0, 1;
    %store/vec4 v0x57a2c0c30cc0_0, 0, 1;
    %jmp T_0.2;
T_0.1 ;
    %pushi/vec4 1, 0, 1;
    %store/vec4 v0x57a2c0c30cc0_0, 0, 1;
    %jmp T_0.2;
T_0.2 ;
    %pop/vec4 1;
    %jmp T_0;
    .thread T_0;
    .scope S_0x57a2c0c1edd0;
T_1 ;
    %delay 5, 0;
    %load/vec4 v0x57a2c0c30f00_0;
    %inv;
    %store/vec4 v0x57a2c0c30f00_0, 0, 1;
    %jmp T_1;
    .thread T_1;
    .scope S_0x57a2c0c1edd0;
T_2 ;
    %vpi_call 2 12 "$dumpfile", "d_flipflop.vcd" {0 0 0};
    %vpi_call 2 13 "$dumpvars", 32'sb00000000000000000000000000000000, S_0x57a2c0c1edd0 {0 0 0};
    %pushi/vec4 0, 0, 1;
    %store/vec4 v0x57a2c0c30f00_0, 0, 1;
    %pushi/vec4 0, 0, 1;
    %store/vec4 v0x57a2c0c30fc0_0, 0, 1;
    %delay 10, 0;
    %pushi/vec4 1, 0, 1;
    %store/vec4 v0x57a2c0c30fc0_0, 0, 1;
    %delay 10, 0;
    %pushi/vec4 0, 0, 1;
    %store/vec4 v0x57a2c0c30fc0_0, 0, 1;
    %delay 10, 0;
    %pushi/vec4 1, 0, 1;
    %store/vec4 v0x57a2c0c30fc0_0, 0, 1;
    %delay 10, 0;
    %vpi_call 2 19 "$finish" {0 0 0};
    %end;
    .thread T_2;
# The file index is used to find the file name in the following table.
:file_names 4;
    "N/A";
    "<interactive>";
    "d_flipflop_tb.v";
    "d_flipflop.v";
