#! /usr/bin/vvp
:ivl_version "12.0 (stable)";
:ivl_delay_selection "TYPICAL";
:vpi_time_precision - 12;
:vpi_module "/usr/lib/x86_64-linux-gnu/ivl/system.vpi";
:vpi_module "/usr/lib/x86_64-linux-gnu/ivl/vhdl_sys.vpi";
:vpi_module "/usr/lib/x86_64-linux-gnu/ivl/vhdl_textio.vpi";
:vpi_module "/usr/lib/x86_64-linux-gnu/ivl/v2005_math.vpi";
:vpi_module "/usr/lib/x86_64-linux-gnu/ivl/va_math.vpi";
S_0x61c5aa33d2b0 .scope module, "xnor_tb" "xnor_tb" 2 2;
 .timescale -9 -12;
v0x61c5aa34e9f0_0 .var "a", 0 0;
v0x61c5aa34eac0_0 .var "b", 0 0;
v0x61c5aa34eb90_0 .net "y", 0 0, L_0x61c5aa34edd0;  1 drivers
S_0x61c5aa33d440 .scope module, "uut" "xnor_gate" 2 5, 3 1 0, S_0x61c5aa33d2b0;
 .timescale 0 0;
    .port_info 0 /INPUT 1 "a";
    .port_info 1 /INPUT 1 "b";
    .port_info 2 /OUTPUT 1 "y";
L_0x61c5aa34ec90 .functor XOR 1, v0x61c5aa34e9f0_0, v0x61c5aa34eac0_0, C4<0>, C4<0>;
L_0x61c5aa34edd0 .functor NOT 1, L_0x61c5aa34ec90, C4<0>, C4<0>, C4<0>;
v0x61c5aa304490_0 .net *"_ivl_0", 0 0, L_0x61c5aa34ec90;  1 drivers
v0x61c5aa34e750_0 .net "a", 0 0, v0x61c5aa34e9f0_0;  1 drivers
v0x61c5aa34e810_0 .net "b", 0 0, v0x61c5aa34eac0_0;  1 drivers
v0x61c5aa34e8b0_0 .net "y", 0 0, L_0x61c5aa34edd0;  alias, 1 drivers
    .scope S_0x61c5aa33d2b0;
T_0 ;
    %vpi_call 2 11 "$dumpfile", "xnor.vcd" {0 0 0};
    %vpi_call 2 12 "$dumpvars", 32'sb00000000000000000000000000000000, S_0x61c5aa33d2b0 {0 0 0};
    %pushi/vec4 0, 0, 1;
    %store/vec4 v0x61c5aa34e9f0_0, 0, 1;
    %pushi/vec4 0, 0, 1;
    %store/vec4 v0x61c5aa34eac0_0, 0, 1;
    %delay 10000, 0;
    %pushi/vec4 0, 0, 1;
    %store/vec4 v0x61c5aa34e9f0_0, 0, 1;
    %pushi/vec4 1, 0, 1;
    %store/vec4 v0x61c5aa34eac0_0, 0, 1;
    %delay 10000, 0;
    %pushi/vec4 1, 0, 1;
    %store/vec4 v0x61c5aa34e9f0_0, 0, 1;
    %pushi/vec4 0, 0, 1;
    %store/vec4 v0x61c5aa34eac0_0, 0, 1;
    %delay 10000, 0;
    %pushi/vec4 1, 0, 1;
    %store/vec4 v0x61c5aa34e9f0_0, 0, 1;
    %pushi/vec4 1, 0, 1;
    %store/vec4 v0x61c5aa34eac0_0, 0, 1;
    %delay 10000, 0;
    %vpi_call 2 17 "$finish" {0 0 0};
    %end;
    .thread T_0;
# The file index is used to find the file name in the following table.
:file_names 4;
    "N/A";
    "<interactive>";
    "xnor_tb.v";
    "xnor_dataflow.v";
